Archive member included to satisfy reference by file (symbol)

D:/ST/STM32CubeIDE/STM32CubeIDE/plugins/com.st.stm32cube.ide.mcu.externaltools.gnu-tools-for-stm32.12.3.rel1.win32_1.1.0.202410251130/tools/bin/../lib/gcc/arm-none-eabi/12.3.1/../../../../arm-none-eabi/lib/thumb/v8-m.main+fp/hard\libc_nano.a(libc_a-exit.o)
                              D:/ST/STM32CubeIDE/STM32CubeIDE/plugins/com.st.stm32cube.ide.mcu.externaltools.gnu-tools-for-stm32.12.3.rel1.win32_1.1.0.202410251130/tools/bin/../lib/gcc/arm-none-eabi/12.3.1/../../../../arm-none-eabi/lib/thumb/v8-m.main+fp/hard/crt0.o (exit)
D:/ST/STM32CubeIDE/STM32CubeIDE/plugins/com.st.stm32cube.ide.mcu.externaltools.gnu-tools-for-stm32.12.3.rel1.win32_1.1.0.202410251130/tools/bin/../lib/gcc/arm-none-eabi/12.3.1/../../../../arm-none-eabi/lib/thumb/v8-m.main+fp/hard\libc_nano.a(libc_a-findfp.o)
                              D:/ST/STM32CubeIDE/STM32CubeIDE/plugins/com.st.stm32cube.ide.mcu.externaltools.gnu-tools-for-stm32.12.3.rel1.win32_1.1.0.202410251130/tools/bin/../lib/gcc/arm-none-eabi/12.3.1/../../../../arm-none-eabi/lib/thumb/v8-m.main+fp/hard\libc_nano.a(libc_a-exit.o) (__stdio_exit_handler)
D:/ST/STM32CubeIDE/STM32CubeIDE/plugins/com.st.stm32cube.ide.mcu.externaltools.gnu-tools-for-stm32.12.3.rel1.win32_1.1.0.202410251130/tools/bin/../lib/gcc/arm-none-eabi/12.3.1/../../../../arm-none-eabi/lib/thumb/v8-m.main+fp/hard\libc_nano.a(libc_a-fwalk.o)
                              D:/ST/STM32CubeIDE/STM32CubeIDE/plugins/com.st.stm32cube.ide.mcu.externaltools.gnu-tools-for-stm32.12.3.rel1.win32_1.1.0.202410251130/tools/bin/../lib/gcc/arm-none-eabi/12.3.1/../../../../arm-none-eabi/lib/thumb/v8-m.main+fp/hard\libc_nano.a(libc_a-findfp.o) (_fwalk_sglue)
D:/ST/STM32CubeIDE/STM32CubeIDE/plugins/com.st.stm32cube.ide.mcu.externaltools.gnu-tools-for-stm32.12.3.rel1.win32_1.1.0.202410251130/tools/bin/../lib/gcc/arm-none-eabi/12.3.1/../../../../arm-none-eabi/lib/thumb/v8-m.main+fp/hard\libc_nano.a(libc_a-printf.o)
                              ./Core/Src/cm_backtrace/cm_backtrace.o (printf)
D:/ST/STM32CubeIDE/STM32CubeIDE/plugins/com.st.stm32cube.ide.mcu.externaltools.gnu-tools-for-stm32.12.3.rel1.win32_1.1.0.202410251130/tools/bin/../lib/gcc/arm-none-eabi/12.3.1/../../../../arm-none-eabi/lib/thumb/v8-m.main+fp/hard\libc_nano.a(libc_a-puts.o)
                              ./Core/Src/cm_backtrace/cm_backtrace.o (puts)
D:/ST/STM32CubeIDE/STM32CubeIDE/plugins/com.st.stm32cube.ide.mcu.externaltools.gnu-tools-for-stm32.12.3.rel1.win32_1.1.0.202410251130/tools/bin/../lib/gcc/arm-none-eabi/12.3.1/../../../../arm-none-eabi/lib/thumb/v8-m.main+fp/hard\libc_nano.a(libc_a-sprintf.o)
                              ./Core/Src/cm_backtrace/cm_backtrace.o (sprintf)
D:/ST/STM32CubeIDE/STM32CubeIDE/plugins/com.st.stm32cube.ide.mcu.externaltools.gnu-tools-for-stm32.12.3.rel1.win32_1.1.0.202410251130/tools/bin/../lib/gcc/arm-none-eabi/12.3.1/../../../../arm-none-eabi/lib/thumb/v8-m.main+fp/hard\libc_nano.a(libc_a-stdio.o)
                              D:/ST/STM32CubeIDE/STM32CubeIDE/plugins/com.st.stm32cube.ide.mcu.externaltools.gnu-tools-for-stm32.12.3.rel1.win32_1.1.0.202410251130/tools/bin/../lib/gcc/arm-none-eabi/12.3.1/../../../../arm-none-eabi/lib/thumb/v8-m.main+fp/hard\libc_nano.a(libc_a-findfp.o) (__sread)
D:/ST/STM32CubeIDE/STM32CubeIDE/plugins/com.st.stm32cube.ide.mcu.externaltools.gnu-tools-for-stm32.12.3.rel1.win32_1.1.0.202410251130/tools/bin/../lib/gcc/arm-none-eabi/12.3.1/../../../../arm-none-eabi/lib/thumb/v8-m.main+fp/hard\libc_nano.a(libc_a-wbuf.o)
                              D:/ST/STM32CubeIDE/STM32CubeIDE/plugins/com.st.stm32cube.ide.mcu.externaltools.gnu-tools-for-stm32.12.3.rel1.win32_1.1.0.202410251130/tools/bin/../lib/gcc/arm-none-eabi/12.3.1/../../../../arm-none-eabi/lib/thumb/v8-m.main+fp/hard\libc_nano.a(libc_a-puts.o) (__swbuf_r)
D:/ST/STM32CubeIDE/STM32CubeIDE/plugins/com.st.stm32cube.ide.mcu.externaltools.gnu-tools-for-stm32.12.3.rel1.win32_1.1.0.202410251130/tools/bin/../lib/gcc/arm-none-eabi/12.3.1/../../../../arm-none-eabi/lib/thumb/v8-m.main+fp/hard\libc_nano.a(libc_a-wsetup.o)
                              D:/ST/STM32CubeIDE/STM32CubeIDE/plugins/com.st.stm32cube.ide.mcu.externaltools.gnu-tools-for-stm32.12.3.rel1.win32_1.1.0.202410251130/tools/bin/../lib/gcc/arm-none-eabi/12.3.1/../../../../arm-none-eabi/lib/thumb/v8-m.main+fp/hard\libc_nano.a(libc_a-puts.o) (__swsetup_r)
D:/ST/STM32CubeIDE/STM32CubeIDE/plugins/com.st.stm32cube.ide.mcu.externaltools.gnu-tools-for-stm32.12.3.rel1.win32_1.1.0.202410251130/tools/bin/../lib/gcc/arm-none-eabi/12.3.1/../../../../arm-none-eabi/lib/thumb/v8-m.main+fp/hard\libc_nano.a(libc_a-memset.o)
                              D:/ST/STM32CubeIDE/STM32CubeIDE/plugins/com.st.stm32cube.ide.mcu.externaltools.gnu-tools-for-stm32.12.3.rel1.win32_1.1.0.202410251130/tools/bin/../lib/gcc/arm-none-eabi/12.3.1/../../../../arm-none-eabi/lib/thumb/v8-m.main+fp/hard/crt0.o (memset)
[...]
Memory Configuration

Name             Origin             Length             Attributes
RAM              0x20000000         0x000c0000         xrw
SRAM4            0x28000000         0x00004000         xrw
FLASH            0x08000000         0x00200000         xr
*default*        0x00000000         0xffffffff

Linker script and memory map

LOAD D:/ST/STM32CubeIDE/STM32CubeIDE/plugins/com.st.stm32cube.ide.mcu.externaltools.gnu-tools-for-stm32.12.3.rel1.win32_1.1.0.202410251130/tools/bin/../lib/gcc/arm-none-eabi/12.3.1/thumb/v8-m.main+fp/hard/crti.o
LOAD D:/ST/STM32CubeIDE/STM32CubeIDE/plugins/com.st.stm32cube.ide.mcu.externaltools.gnu-tools-for-stm32.12.3.rel1.win32_1.1.0.202410251130/tools/bin/../lib/gcc/arm-none-eabi/12.3.1/thumb/v8-m.main+fp/hard/crtbegin.o
LOAD D:/ST/STM32CubeIDE/STM32CubeIDE/plugins/com.st.stm32cube.ide.mcu.externaltools.gnu-tools-for-stm32.12.3.rel1.win32_1.1.0.202410251130/tools/bin/../lib/gcc/arm-none-eabi/12.3.1/../../../../arm-none-eabi/lib/thumb/v8-m.main+fp/hard/crt0.o
LOAD ./Core/Src/cm_backtrace/cm_backtrace.o
LOAD ./Core/Src/cm_backtrace/fault_handler/gcc/cmb_fault.o
LOAD ./Core/Src/main.o
LOAD ./Core/Src/stm32u5xx_hal_msp.o
LOAD ./Core/Src/stm32u5xx_hal_timebase_tim.o
LOAD ./Core/Src/stm32u5xx_it.o
LOAD ./Core/Src/syscalls.o
LOAD ./Core/Src/sysmem.o
LOAD ./Core/Src/system_stm32u5xx.o
LOAD ./Core/Startup/startup_stm32u575zitxq.o
LOAD ./Drivers/BSP/STM32U5xx_Nucleo/stm32u5xx_nucleo.o
LOAD ./Drivers/STM32U5xx_HAL_Driver/Src/stm32u5xx_hal.o
LOAD ./Drivers/STM32U5xx_HAL_Driver/Src/stm32u5xx_hal_cortex.o
LOAD ./Drivers/STM32U5xx_HAL_Driver/Src/stm32u5xx_hal_dma.o
LOAD ./Drivers/STM32U5xx_HAL_Driver/Src/stm32u5xx_hal_dma_ex.o
LOAD ./Drivers/STM32U5xx_HAL_Driver/Src/stm32u5xx_hal_exti.o
LOAD ./Drivers/STM32U5xx_HAL_Driver/Src/stm32u5xx_hal_flash.o
LOAD ./Drivers/STM32U5xx_HAL_Driver/Src/stm32u5xx_hal_flash_ex.o
LOAD ./Drivers/STM32U5xx_HAL_Driver/Src/stm32u5xx_hal_gpio.o
LOAD ./Drivers/STM32U5xx_HAL_Driver/Src/stm32u5xx_hal_gtzc.o
LOAD ./Drivers/STM32U5xx_HAL_Driver/Src/stm32u5xx_hal_i2c.o
LOAD ./Drivers/STM32U5xx_HAL_Driver/Src/stm32u5xx_hal_i2c_ex.o
LOAD ./Drivers/STM32U5xx_HAL_Driver/Src/stm32u5xx_hal_icache.o
LOAD ./Drivers/STM32U5xx_HAL_Driver/Src/stm32u5xx_hal_pwr.o
LOAD ./Drivers/STM32U5xx_HAL_Driver/Src/stm32u5xx_hal_pwr_ex.o
LOAD ./Drivers/STM32U5xx_HAL_Driver/Src/stm32u5xx_hal_rcc.o
LOAD ./Drivers/STM32U5xx_HAL_Driver/Src/stm32u5xx_hal_rcc_ex.o
LOAD ./Drivers/STM32U5xx_HAL_Driver/Src/stm32u5xx_hal_tim.o
LOAD ./Drivers/STM32U5xx_HAL_Driver/Src/stm32u5xx_hal_tim_ex.o
LOAD ./Drivers/STM32U5xx_HAL_Driver/Src/stm32u5xx_hal_uart.o
LOAD ./Drivers/STM32U5xx_HAL_Driver/Src/stm32u5xx_hal_uart_ex.o
LOAD ./Drivers/STM32U5xx_HAL_Driver/Src/stm32u5xx_hal_usart.o
LOAD ./Drivers/STM32U5xx_HAL_Driver/Src/stm32u5xx_hal_usart_ex.o
START GROUP
LOAD D:/ST/STM32CubeIDE/STM32CubeIDE/plugins/com.st.stm32cube.ide.mcu.externaltools.gnu-tools-for-stm32.12.3.rel1.win32_1.1.0.202410251130/tools/bin/../lib/gcc/arm-none-eabi/12.3.1/../../../../arm-none-eabi/lib/thumb/v8-m.main+fp/hard\libc_nano.a
LOAD D:/ST/STM32CubeIDE/STM32CubeIDE/plugins/com.st.stm32cube.ide.mcu.externaltools.gnu-tools-for-stm32.12.3.rel1.win32_1.1.0.202410251130/tools/bin/../lib/gcc/arm-none-eabi/12.3.1/../../../../arm-none-eabi/lib/thumb/v8-m.main+fp/hard\libm.a
END GROUP
START GROUP
LOAD D:/ST/STM32CubeIDE/STM32CubeIDE/plugins/com.st.stm32cube.ide.mcu.externaltools.gnu-tools-for-stm32.12.3.rel1.win32_1.1.0.202410251130/tools/bin/../lib/gcc/arm-none-eabi/12.3.1/thumb/v8-m.main+fp/hard\libgcc.a
LOAD D:/ST/STM32CubeIDE/STM32CubeIDE/plugins/com.st.stm32cube.ide.mcu.externaltools.gnu-tools-for-stm32.12.3.rel1.win32_1.1.0.202410251130/tools/bin/../lib/gcc/arm-none-eabi/12.3.1/../../../../arm-none-eabi/lib/thumb/v8-m.main+fp/hard\libc_nano.a
END GROUP
START GROUP
LOAD D:/ST/STM32CubeIDE/STM32CubeIDE/plugins/com.st.stm32cube.ide.mcu.externaltools.gnu-tools-for-stm32.12.3.rel1.win32_1.1.0.202410251130/tools/bin/../lib/gcc/arm-none-eabi/12.3.1/thumb/v8-m.main+fp/hard\libgcc.a
LOAD D:/ST/STM32CubeIDE/STM32CubeIDE/plugins/com.st.stm32cube.ide.mcu.externaltools.gnu-tools-for-stm32.12.3.rel1.win32_1.1.0.202410251130/tools/bin/../lib/gcc/arm-none-eabi/12.3.1/../../../../arm-none-eabi/lib/thumb/v8-m.main+fp/hard\libc_nano.a
LOAD D:/ST/STM32CubeIDE/STM32CubeIDE/plugins/com.st.stm32cube.ide.mcu.externaltools.gnu-tools-for-stm32.12.3.rel1.win32_1.1.0.202410251130/tools/bin/../lib/gcc/arm-none-eabi/12.3.1/../../../../arm-none-eabi/lib/thumb/v8-m.main+fp/hard\libnosys.a
END GROUP
START GROUP
LOAD D:/ST/STM32CubeIDE/STM32CubeIDE/plugins/com.st.stm32cube.ide.mcu.externaltools.gnu-tools-for-stm32.12.3.rel1.win32_1.1.0.202410251130/tools/bin/../lib/gcc/arm-none-eabi/12.3.1/thumb/v8-m.main+fp/hard\libgcc.a
LOAD D:/ST/STM32CubeIDE/STM32CubeIDE/plugins/com.st.stm32cube.ide.mcu.externaltools.gnu-tools-for-stm32.12.3.rel1.win32_1.1.0.202410251130/tools/bin/../lib/gcc/arm-none-eabi/12.3.1/../../../../arm-none-eabi/lib/thumb/v8-m.main+fp/hard\libc_nano.a
LOAD D:/ST/STM32CubeIDE/STM32CubeIDE/plugins/com.st.stm32cube.ide.mcu.externaltools.gnu-tools-for-stm32.12.3.rel1.win32_1.1.0.202410251130/tools/bin/../lib/gcc/arm-none-eabi/12.3.1/../../../../arm-none-eabi/lib/thumb/v8-m.main+fp/hard\libnosys.a
END GROUP
LOAD D:/ST/STM32CubeIDE/STM32CubeIDE/plugins/com.st.stm32cube.ide.mcu.externaltools.gnu-tools-for-stm32.12.3.rel1.win32_1.1.0.202410251130/tools/bin/../lib/gcc/arm-none-eabi/12.3.1/thumb/v8-m.main+fp/hard/crtend.o
LOAD D:/ST/STM32CubeIDE/STM32CubeIDE/plugins/com.st.stm32cube.ide.mcu.externaltools.gnu-tools-for-stm32.12.3.rel1.win32_1.1.0.202410251130/tools/bin/../lib/gcc/arm-none-eabi/12.3.1/thumb/v8-m.main+fp/hard/crtn.o
                0x20000000                        _sstack = ORIGIN (RAM)
                0x08000000                        _stext = ORIGIN (FLASH)
                0x200c0000                        _estack = (ORIGIN (RAM) + LENGTH (RAM))
                0x00000200                        _Min_Heap_Size = 0x200
                0x00000400                        _Min_Stack_Size = 0x400

.isr_vector     0x08000000      0x238
 *(.isr_vector)
 .isr_vector    0x08000000      0x238 ./Core/Startup/startup_stm32u575zitxq.o
                0x08000000                g_pfnVectors

.text           0x08000238     0x791c
 *(.text)
 .text          0x08000238       0x40 D:/ST/STM32CubeIDE/STM32CubeIDE/plugins/com.st.stm32cube.ide.mcu.externaltools.gnu-tools-for-stm32.12.3.rel1.win32_1.1.0.202410251130/tools/bin/../lib/gcc/arm-none-eabi/12.3.1/thumb/v8-m.main+fp/hard/crtbegin.o
 .text          0x08000278        0xc ./Core/Src/cm_backtrace/fault_handler/gcc/cmb_fault.o
                0x08000278                HardFault_Handler
 .text          0x08000284       0x30 D:/ST/STM32CubeIDE/STM32CubeIDE/plugins/com.st.stm32cube.ide.mcu.externaltools.gnu-tools-for-stm32.12.3.rel1.win32_1.1.0.202410251130/tools/bin/../lib/gcc/arm-none-eabi/12.3.1/thumb/v8-m.main+fp/hard\libgcc.a(_aeabi_uldivmod.o)
                0x08000284                __aeabi_uldivmod
 .text          0x080002b4      0x2e4 D:/ST/STM32CubeIDE/STM32CubeIDE/plugins/com.st.stm32cube.ide.mcu.externaltools.gnu-tools-for-stm32.12.3.rel1.win32_1.1.0.202410251130/tools/bin/../lib/gcc/arm-none-eabi/12.3.1/thumb/v8-m.main+fp/hard\libgcc.a(_udivmoddi4.o)
                0x080002b4                __udivmoddi4
 .text          0x08000598        0x4 D:/ST/STM32CubeIDE/STM32CubeIDE/plugins/com.st.stm32cube.ide.mcu.externaltools.gnu-tools-for-stm32.12.3.rel1.win32_1.1.0.202410251130/tools/bin/../lib/gcc/arm-none-eabi/12.3.1/thumb/v8-m.main+fp/hard\libgcc.a(_dvmd_tls.o)
                0x08000598                __aeabi_idiv0
                0x08000598                __aeabi_ldiv0
 *(.text*)
 .text.cm_backtrace_init
                0x0800059c       0xac ./Core/Src/cm_backtrace/cm_backtrace.o
                0x0800059c                cm_backtrace_init
 .text.cm_backtrace_firmware_info
                0x08000648       0x30 ./Core/Src/cm_backtrace/cm_backtrace.o
                0x08000648                cm_backtrace_firmware_info
 .text.dump_stack
                0x08000678       0xf0 ./Core/Src/cm_backtrace/cm_backtrace.o
 .text.disassembly_ins_is_bl_blx
                0x08000768       0x50 ./Core/Src/cm_backtrace/cm_backtrace.o
 .text.cm_backtrace_call_stack
                0x080007b8      0x15c ./Core/Src/cm_backtrace/cm_backtrace.o
                0x080007b8                cm_backtrace_call_stack
 .text.print_call_stack
                0x08000914       0xdc ./Core/Src/cm_backtrace/cm_backtrace.o
 .text.fault_diagnosis
                0x080009f0      0x414 ./Core/Src/cm_backtrace/cm_backtrace.o
 .text.statck_del_fpu_regs
                0x08000e04       0x40 ./Core/Src/cm_backtrace/cm_backtrace.o
 .text.cm_backtrace_fault
                0x08000e44      0x298 ./Core/Src/cm_backtrace/cm_backtrace.o
                0x08000e44                cm_backtrace_fault
 .text.fault_test_by_div0
                0x080010dc       0x40 ./Core/Src/main.o
                0x080010dc                fault_test_by_div0
 .text.func_c   0x0800111c       0x28 ./Core/Src/main.o
 .text.func_b   0x08001144       0x1e ./Core/Src/main.o
 .text.func_a   0x08001162       0x1e ./Core/Src/main.o
 .text.main     0x08001180       0xcc ./Core/Src/main.o
                0x08001180                main
 .text.SystemClock_Config
                0x0800124c       0x92 ./Core/Src/main.o
                0x0800124c                SystemClock_Config
 .text.SystemPower_Config
                0x080012de       0x1c ./Core/Src/main.o
 .text.MX_ICACHE_Init
                0x080012fa       0x26 ./Core/Src/main.o
 .text.MX_GPIO_Init
                0x08001320       0x70 ./Core/Src/main.o
 .text.HAL_TIM_PeriodElapsedCallback
                0x08001390       0x24 ./Core/Src/main.o
                0x08001390                HAL_TIM_PeriodElapsedCallback
 .text.Error_Handler
                0x080013b4        0xc ./Core/Src/main.o
                0x080013b4                Error_Handler
 .text.HAL_MspInit
                0x080013c0       0x38 ./Core/Src/stm32u5xx_hal_msp.o
                0x080013c0                HAL_MspInit
 .text.HAL_InitTick
                0x080013f8       0xe0 ./Core/Src/stm32u5xx_hal_timebase_tim.o
                0x080013f8                HAL_InitTick
 .text.NMI_Handler
                0x080014d8        0x8 ./Core/Src/stm32u5xx_it.o
                0x080014d8                NMI_Handler
 .text.MemManage_Handler
                0x080014e0        0x8 ./Core/Src/stm32u5xx_it.o
                0x080014e0                MemManage_Handler
 .text.BusFault_Handler
                0x080014e8        0x8 ./Core/Src/stm32u5xx_it.o
                0x080014e8                BusFault_Handler
 .text.UsageFault_Handler
                0x080014f0        0x8 ./Core/Src/stm32u5xx_it.o
                0x080014f0                UsageFault_Handler
 .text.SVC_Handler
                0x080014f8        0xe ./Core/Src/stm32u5xx_it.o
                0x080014f8                SVC_Handler
 .text.DebugMon_Handler
                0x08001506        0xe ./Core/Src/stm32u5xx_it.o
                0x08001506                DebugMon_Handler
 .text.PendSV_Handler
                0x08001514        0xe ./Core/Src/stm32u5xx_it.o
                0x08001514                PendSV_Handler
 .text.SysTick_Handler
                0x08001522        0xe ./Core/Src/stm32u5xx_it.o
                0x08001522                SysTick_Handler
 .text.EXTI13_IRQHandler
                0x08001530        0xe ./Core/Src/stm32u5xx_it.o
                0x08001530                EXTI13_IRQHandler
 *fill*         0x0800153e        0x2 
 .text.TIM17_IRQHandler
                0x08001540       0x14 ./Core/Src/stm32u5xx_it.o
                0x08001540                TIM17_IRQHandler
 .text._read    0x08001554       0x3a ./Core/Src/syscalls.o
                0x08001554                _read
 .text._write   0x0800158e       0x38 ./Core/Src/syscalls.o
                0x0800158e                _write
 .text._close   0x080015c6       0x18 ./Core/Src/syscalls.o
                0x080015c6                _close
 .text._fstat   0x080015de       0x20 ./Core/Src/syscalls.o
                0x080015de                _fstat
 .text._isatty  0x080015fe       0x16 ./Core/Src/syscalls.o
                0x080015fe                _isatty
 .text._lseek   0x08001614       0x1a ./Core/Src/syscalls.o
                0x08001614                _lseek
 *fill*         0x0800162e        0x2 
 .text._sbrk    0x08001630       0x6c ./Core/Src/sysmem.o
                0x08001630                _sbrk
 .text.SystemInit
                0x0800169c       0x70 ./Core/Src/system_stm32u5xx.o
                0x0800169c                SystemInit
 .text.Reset_Handler
                0x0800170c       0x50 ./Core/Startup/startup_stm32u575zitxq.o
                0x0800170c                Reset_Handler
 .text.Default_Handler
                0x0800175c        0x2 ./Core/Startup/startup_stm32u575zitxq.o
                0x0800175c                EXTI2_IRQHandler
                0x0800175c                TIM8_TRG_COM_IRQHandler
                0x0800175c                TIM8_CC_IRQHandler
                0x0800175c                EXTI5_IRQHandler
                0x0800175c                FLASH_S_IRQHandler
                0x0800175c                TIM1_CC_IRQHandler
                0x0800175c                TSC_IRQHandler
                0x0800175c                TAMP_IRQHandler
                0x0800175c                TIM6_IRQHandler
                0x0800175c                EXTI12_IRQHandler
                0x0800175c                CORDIC_IRQHandler
                0x0800175c                EXTI3_IRQHandler
                0x0800175c                LPTIM4_IRQHandler
                0x0800175c                GPDMA1_Channel5_IRQHandler
                0x0800175c                EXTI8_IRQHandler
                0x0800175c                LPTIM2_IRQHandler
                0x0800175c                I2C3_ER_IRQHandler
                0x0800175c                PWR_S3WU_IRQHandler
                0x0800175c                MDF1_FLT2_IRQHandler
                0x0800175c                LPDMA1_Channel3_IRQHandler
                0x0800175c                LPTIM3_IRQHandler
                0x0800175c                EXTI0_IRQHandler
                0x0800175c                I2C2_EV_IRQHandler
                0x0800175c                FPU_IRQHandler
                0x0800175c                GPDMA1_Channel3_IRQHandler
                0x0800175c                GPDMA1_Channel7_IRQHandler
                0x0800175c                MDF1_FLT4_IRQHandler
                0x0800175c                FDCAN1_IT1_IRQHandler
                0x0800175c                RAMCFG_IRQHandler
                0x0800175c                GPDMA1_Channel9_IRQHandler
                0x0800175c                DCACHE1_IRQHandler
                0x0800175c                SPI1_IRQHandler
                0x0800175c                OCTOSPI1_IRQHandler
                0x0800175c                GPDMA1_Channel2_IRQHandler
                0x0800175c                TIM8_UP_IRQHandler
                0x0800175c                RCC_S_IRQHandler
                0x0800175c                OCTOSPI2_IRQHandler
                0x0800175c                SAI2_IRQHandler
                0x0800175c                MDF1_FLT1_IRQHandler
                0x0800175c                ADC1_IRQHandler
                0x0800175c                MDF1_FLT5_IRQHandler
                0x0800175c                EXTI15_IRQHandler
                0x0800175c                USART3_IRQHandler
                0x0800175c                RTC_IRQHandler
                0x0800175c                EXTI9_IRQHandler
                0x0800175c                UART5_IRQHandler
                0x0800175c                TIM4_IRQHandler
                0x0800175c                I2C1_EV_IRQHandler
                0x0800175c                GPDMA1_Channel12_IRQHandler
                0x0800175c                GPDMA1_Channel1_IRQHandler
                0x0800175c                TIM16_IRQHandler
                0x0800175c                GPDMA1_Channel15_IRQHandler
                0x0800175c                UART4_IRQHandler
                0x0800175c                SecureFault_Handler
                0x0800175c                TIM3_IRQHandler
                0x0800175c                RCC_IRQHandler
                0x0800175c                TIM1_TRG_COM_IRQHandler
                0x0800175c                Default_Handler
                0x0800175c                GPDMA1_Channel8_IRQHandler
                0x0800175c                FMAC_IRQHandler
                0x0800175c                GPDMA1_Channel11_IRQHandler
                0x0800175c                TIM7_IRQHandler
                0x0800175c                SDMMC1_IRQHandler
                0x0800175c                TIM5_IRQHandler
                0x0800175c                UCPD1_IRQHandler
                0x0800175c                GPDMA1_Channel0_IRQHandler
                0x0800175c                TIM15_IRQHandler
                0x0800175c                I2C3_EV_IRQHandler
                0x0800175c                LPDMA1_Channel0_IRQHandler
                0x0800175c                PVD_PVM_IRQHandler
                0x0800175c                SPI2_IRQHandler
                0x0800175c                LPDMA1_Channel1_IRQHandler
                0x0800175c                EXTI14_IRQHandler
                0x0800175c                EXTI11_IRQHandler
                0x0800175c                CRS_IRQHandler
                0x0800175c                GPDMA1_Channel14_IRQHandler
                0x0800175c                LSECSSD_IRQHandler
                0x0800175c                EXTI4_IRQHandler
                0x0800175c                RTC_S_IRQHandler
                0x0800175c                GPDMA1_Channel13_IRQHandler
                0x0800175c                RNG_IRQHandler
                0x0800175c                COMP_IRQHandler
                0x0800175c                TIM1_UP_IRQHandler
                0x0800175c                ADC4_IRQHandler
                0x0800175c                WWDG_IRQHandler
                0x0800175c                I2C4_EV_IRQHandler
                0x0800175c                ADF1_IRQHandler
                0x0800175c                IWDG_IRQHandler
                0x0800175c                LPUART1_IRQHandler
                0x0800175c                MDF1_FLT0_IRQHandler
                0x0800175c                FDCAN1_IT0_IRQHandler
                0x0800175c                TIM2_IRQHandler
                0x0800175c                GPDMA1_Channel4_IRQHandler
                0x0800175c                EXTI7_IRQHandler
                0x0800175c                DMA2D_IRQHandler
                0x0800175c                TIM1_BRK_IRQHandler
                0x0800175c                EXTI1_IRQHandler
                0x0800175c                SDMMC2_IRQHandler
                0x0800175c                DAC1_IRQHandler
                0x0800175c                GTZC_IRQHandler
                0x0800175c                MDF1_FLT3_IRQHandler
                0x0800175c                USART2_IRQHandler
                0x0800175c                GPDMA1_Channel6_IRQHandler
                0x0800175c                I2C2_ER_IRQHandler
                0x0800175c                TIM8_BRK_IRQHandler
                0x0800175c                FLASH_IRQHandler
                0x0800175c                USART1_IRQHandler
                0x0800175c                EXTI10_IRQHandler
                0x0800175c                OTG_FS_IRQHandler
                0x0800175c                SPI3_IRQHandler
                0x0800175c                LPDMA1_Channel2_IRQHandler
                0x0800175c                I2C1_ER_IRQHandler
                0x0800175c                FMC_IRQHandler
                0x0800175c                EXTI6_IRQHandler
                0x0800175c                LPTIM1_IRQHandler
                0x0800175c                DCMI_PSSI_IRQHandler
                0x0800175c                I2C4_ER_IRQHandler
                0x0800175c                GPDMA1_Channel10_IRQHandler
                0x0800175c                ICACHE_IRQHandler
                0x0800175c                SAI1_IRQHandler
                0x0800175c                HASH_IRQHandler
 *fill*         0x0800175e        0x2 
 .text.BSP_LED_Init
                0x08001760      0x120 ./Drivers/BSP/STM32U5xx_Nucleo/stm32u5xx_nucleo.o
                0x08001760                BSP_LED_Init
 .text.BSP_PB_Init
                0x08001880       0xf0 ./Drivers/BSP/STM32U5xx_Nucleo/stm32u5xx_nucleo.o
                0x08001880                BSP_PB_Init
 .text.BSP_PB_IRQHandler
                0x08001970       0x2c ./Drivers/BSP/STM32U5xx_Nucleo/stm32u5xx_nucleo.o
                0x08001970                BSP_PB_IRQHandler
 .text.BSP_PB_Callback
                0x0800199c       0x16 ./Drivers/BSP/STM32U5xx_Nucleo/stm32u5xx_nucleo.o
                0x0800199c                BSP_PB_Callback
 *fill*         0x080019b2        0x2 
 .text.BSP_COM_Init
                0x080019b4       0x60 ./Drivers/BSP/STM32U5xx_Nucleo/stm32u5xx_nucleo.o
                0x080019b4                BSP_COM_Init
 .text.MX_USART1_Init
                0x08001a14       0x68 ./Drivers/BSP/STM32U5xx_Nucleo/stm32u5xx_nucleo.o
                0x08001a14                MX_USART1_Init
 .text.__io_putchar
                0x08001a7c       0x38 ./Drivers/BSP/STM32U5xx_Nucleo/stm32u5xx_nucleo.o
                0x08001a7c                __io_putchar
 .text.BUTTON_USER_EXTI_Callback
                0x08001ab4        0xe ./Drivers/BSP/STM32U5xx_Nucleo/stm32u5xx_nucleo.o
 *fill*         0x08001ac2        0x2 
 .text.COM1_MspInit
                0x08001ac4       0xb0 ./Drivers/BSP/STM32U5xx_Nucleo/stm32u5xx_nucleo.o
 .text.HAL_Init
                0x08001b74       0x60 ./Drivers/STM32U5xx_HAL_Driver/Src/stm32u5xx_hal.o
                0x08001b74                HAL_Init
 .text.HAL_IncTick
                0x08001bd4       0x28 ./Drivers/STM32U5xx_HAL_Driver/Src/stm32u5xx_hal.o
                0x08001bd4                HAL_IncTick
 .text.HAL_GetTick
                0x08001bfc       0x18 ./Drivers/STM32U5xx_HAL_Driver/Src/stm32u5xx_hal.o
                0x08001bfc                HAL_GetTick
 .text.HAL_Delay
                0x08001c14       0x48 ./Drivers/STM32U5xx_HAL_Driver/Src/stm32u5xx_hal.o
                0x08001c14                HAL_Delay
 .text.__NVIC_SetPriorityGrouping
                0x08001c5c       0x48 ./Drivers/STM32U5xx_HAL_Driver/Src/stm32u5xx_hal_cortex.o
 .text.__NVIC_GetPriorityGrouping
                0x08001ca4       0x1c ./Drivers/STM32U5xx_HAL_Driver/Src/stm32u5xx_hal_cortex.o
 .text.__NVIC_EnableIRQ
                0x08001cc0       0x3c ./Drivers/STM32U5xx_HAL_Driver/Src/stm32u5xx_hal_cortex.o
 .text.__NVIC_SetPriority
                0x08001cfc       0x54 ./Drivers/STM32U5xx_HAL_Driver/Src/stm32u5xx_hal_cortex.o
 .text.NVIC_EncodePriority
                0x08001d50       0x66 ./Drivers/STM32U5xx_HAL_Driver/Src/stm32u5xx_hal_cortex.o
 .text.HAL_NVIC_SetPriorityGrouping
                0x08001db6       0x16 ./Drivers/STM32U5xx_HAL_Driver/Src/stm32u5xx_hal_cortex.o
                0x08001db6                HAL_NVIC_SetPriorityGrouping
 .text.HAL_NVIC_SetPriority
                0x08001dcc       0x34 ./Drivers/STM32U5xx_HAL_Driver/Src/stm32u5xx_hal_cortex.o
                0x08001dcc                HAL_NVIC_SetPriority
 .text.HAL_NVIC_EnableIRQ
                0x08001e00       0x1c ./Drivers/STM32U5xx_HAL_Driver/Src/stm32u5xx_hal_cortex.o
                0x08001e00                HAL_NVIC_EnableIRQ
 .text.HAL_SYSTICK_CLKSourceConfig
                0x08001e1c       0xb0 ./Drivers/STM32U5xx_HAL_Driver/Src/stm32u5xx_hal_cortex.o
                0x08001e1c                HAL_SYSTICK_CLKSourceConfig
 .text.HAL_EXTI_RegisterCallback
                0x08001ecc       0x58 ./Drivers/STM32U5xx_HAL_Driver/Src/stm32u5xx_hal_exti.o
                0x08001ecc                HAL_EXTI_RegisterCallback
 .text.HAL_EXTI_GetHandle
                0x08001f24       0x28 ./Drivers/STM32U5xx_HAL_Driver/Src/stm32u5xx_hal_exti.o
                0x08001f24                HAL_EXTI_GetHandle
 .text.HAL_EXTI_IRQHandler
                0x08001f4c       0x90 ./Drivers/STM32U5xx_HAL_Driver/Src/stm32u5xx_hal_exti.o
                0x08001f4c                HAL_EXTI_IRQHandler
 .text.HAL_GPIO_Init
                0x08001fdc      0x3b0 ./Drivers/STM32U5xx_HAL_Driver/Src/stm32u5xx_hal_gpio.o
                0x08001fdc                HAL_GPIO_Init
 .text.HAL_ICACHE_ConfigAssociativityMode
                0x0800238c       0x40 ./Drivers/STM32U5xx_HAL_Driver/Src/stm32u5xx_hal_icache.o
                0x0800238c                HAL_ICACHE_ConfigAssociativityMode
 .text.HAL_ICACHE_Enable
                0x080023cc       0x20 ./Drivers/STM32U5xx_HAL_Driver/Src/stm32u5xx_hal_icache.o
                0x080023cc                HAL_ICACHE_Enable
 .text.HAL_PWREx_ControlVoltageScaling
                0x080023ec       0xfc ./Drivers/STM32U5xx_HAL_Driver/Src/stm32u5xx_hal_pwr_ex.o
                0x080023ec                HAL_PWREx_ControlVoltageScaling
 .text.HAL_PWREx_GetVoltageRange
                0x080024e8       0x1c ./Drivers/STM32U5xx_HAL_Driver/Src/stm32u5xx_hal_pwr_ex.o
                0x080024e8                HAL_PWREx_GetVoltageRange
 .text.HAL_PWREx_ConfigSupply
                0x08002504       0xa0 ./Drivers/STM32U5xx_HAL_Driver/Src/stm32u5xx_hal_pwr_ex.o
                0x08002504                HAL_PWREx_ConfigSupply
 .text.HAL_PWREx_EnableVddIO2
                0x080025a4       0x20 ./Drivers/STM32U5xx_HAL_Driver/Src/stm32u5xx_hal_pwr_ex.o
                0x080025a4                HAL_PWREx_EnableVddIO2
 .text.HAL_PWREx_DisableUCPDDeadBattery
                0x080025c4       0x20 ./Drivers/STM32U5xx_HAL_Driver/Src/stm32u5xx_hal_pwr_ex.o
                0x080025c4                HAL_PWREx_DisableUCPDDeadBattery
 .text.HAL_RCC_OscConfig
                0x080025e4      0xdb8 ./Drivers/STM32U5xx_HAL_Driver/Src/stm32u5xx_hal_rcc.o
                0x080025e4                HAL_RCC_OscConfig
 .text.HAL_RCC_ClockConfig
                0x0800339c      0x3e4 ./Drivers/STM32U5xx_HAL_Driver/Src/stm32u5xx_hal_rcc.o
                0x0800339c                HAL_RCC_ClockConfig
 .text.HAL_RCC_GetSysClockFreq
                0x08003780      0x204 ./Drivers/STM32U5xx_HAL_Driver/Src/stm32u5xx_hal_rcc.o
                0x08003780                HAL_RCC_GetSysClockFreq
 .text.HAL_RCC_GetHCLKFreq
                0x08003984       0x34 ./Drivers/STM32U5xx_HAL_Driver/Src/stm32u5xx_hal_rcc.o
                0x08003984                HAL_RCC_GetHCLKFreq
 .text.HAL_RCC_GetPCLK1Freq
                0x080039b8       0x28 ./Drivers/STM32U5xx_HAL_Driver/Src/stm32u5xx_hal_rcc.o
                0x080039b8                HAL_RCC_GetPCLK1Freq
 .text.HAL_RCC_GetPCLK2Freq
                0x080039e0       0x28 ./Drivers/STM32U5xx_HAL_Driver/Src/stm32u5xx_hal_rcc.o
                0x080039e0                HAL_RCC_GetPCLK2Freq
 .text.HAL_RCC_GetPCLK3Freq
                0x08003a08       0x28 ./Drivers/STM32U5xx_HAL_Driver/Src/stm32u5xx_hal_rcc.o
                0x08003a08                HAL_RCC_GetPCLK3Freq
 .text.HAL_RCC_GetClockConfig
                0x08003a30       0x70 ./Drivers/STM32U5xx_HAL_Driver/Src/stm32u5xx_hal_rcc.o
                0x08003a30                HAL_RCC_GetClockConfig
 .text.RCC_SetFlashLatencyFromMSIRange
                0x08003aa0      0x10c ./Drivers/STM32U5xx_HAL_Driver/Src/stm32u5xx_hal_rcc.o
 .text.HAL_RCCEx_GetPLL1ClockFreq
                0x08003bac      0x2b4 ./Drivers/STM32U5xx_HAL_Driver/Src/stm32u5xx_hal_rcc_ex.o
                0x08003bac                HAL_RCCEx_GetPLL1ClockFreq
 .text.HAL_RCCEx_GetPLL2ClockFreq
                0x08003e60      0x2b4 ./Drivers/STM32U5xx_HAL_Driver/Src/stm32u5xx_hal_rcc_ex.o
                0x08003e60                HAL_RCCEx_GetPLL2ClockFreq
 .text.HAL_RCCEx_GetPLL3ClockFreq
                0x08004114      0x2b4 ./Drivers/STM32U5xx_HAL_Driver/Src/stm32u5xx_hal_rcc_ex.o
                0x08004114                HAL_RCCEx_GetPLL3ClockFreq
 .text.HAL_RCCEx_GetPeriphCLKFreq
                0x080043c8     0x136c ./Drivers/STM32U5xx_HAL_Driver/Src/stm32u5xx_hal_rcc_ex.o
                0x080043c8                HAL_RCCEx_GetPeriphCLKFreq
 .text.HAL_TIM_Base_Init
                0x08005734       0xae ./Drivers/STM32U5xx_HAL_Driver/Src/stm32u5xx_hal_tim.o
                0x08005734                HAL_TIM_Base_Init
 .text.HAL_TIM_Base_MspInit
                0x080057e2       0x14 ./Drivers/STM32U5xx_HAL_Driver/Src/stm32u5xx_hal_tim.o
                0x080057e2                HAL_TIM_Base_MspInit
 *fill*         0x080057f6        0x2 
 .text.HAL_TIM_Base_Start_IT
                0x080057f8      0x140 ./Drivers/STM32U5xx_HAL_Driver/Src/stm32u5xx_hal_tim.o
                0x080057f8                HAL_TIM_Base_Start_IT
 .text.HAL_TIM_IRQHandler
                0x08005938      0x29e ./Drivers/STM32U5xx_HAL_Driver/Src/stm32u5xx_hal_tim.o
                0x08005938                HAL_TIM_IRQHandler
 .text.HAL_TIM_OC_DelayElapsedCallback
                0x08005bd6       0x14 ./Drivers/STM32U5xx_HAL_Driver/Src/stm32u5xx_hal_tim.o
                0x08005bd6                HAL_TIM_OC_DelayElapsedCallback
 .text.HAL_TIM_IC_CaptureCallback
                0x08005bea       0x14 ./Drivers/STM32U5xx_HAL_Driver/Src/stm32u5xx_hal_tim.o
                0x08005bea                HAL_TIM_IC_CaptureCallback
 .text.HAL_TIM_PWM_PulseFinishedCallback
                0x08005bfe       0x14 ./Drivers/STM32U5xx_HAL_Driver/Src/stm32u5xx_hal_tim.o
                0x08005bfe                HAL_TIM_PWM_PulseFinishedCallback
 .text.HAL_TIM_TriggerCallback
                0x08005c12       0x14 ./Drivers/STM32U5xx_HAL_Driver/Src/stm32u5xx_hal_tim.o
                0x08005c12                HAL_TIM_TriggerCallback
 *fill*         0x08005c26        0x2 
 .text.TIM_Base_SetConfig
                0x08005c28      0x200 ./Drivers/STM32U5xx_HAL_Driver/Src/stm32u5xx_hal_tim.o
                0x08005c28                TIM_Base_SetConfig
 .text.HAL_TIMEx_CommutCallback
                0x08005e28       0x14 ./Drivers/STM32U5xx_HAL_Driver/Src/stm32u5xx_hal_tim_ex.o
                0x08005e28                HAL_TIMEx_CommutCallback
 .text.HAL_TIMEx_BreakCallback
                0x08005e3c       0x14 ./Drivers/STM32U5xx_HAL_Driver/Src/stm32u5xx_hal_tim_ex.o
                0x08005e3c                HAL_TIMEx_BreakCallback
 .text.HAL_TIMEx_Break2Callback
                0x08005e50       0x14 ./Drivers/STM32U5xx_HAL_Driver/Src/stm32u5xx_hal_tim_ex.o
                0x08005e50                HAL_TIMEx_Break2Callback
 .text.HAL_TIMEx_EncoderIndexCallback
                0x08005e64       0x14 ./Drivers/STM32U5xx_HAL_Driver/Src/stm32u5xx_hal_tim_ex.o
                0x08005e64                HAL_TIMEx_EncoderIndexCallback
 .text.HAL_TIMEx_DirectionChangeCallback
                0x08005e78       0x14 ./Drivers/STM32U5xx_HAL_Driver/Src/stm32u5xx_hal_tim_ex.o
                0x08005e78                HAL_TIMEx_DirectionChangeCallback
 .text.HAL_TIMEx_IndexErrorCallback
                0x08005e8c       0x14 ./Drivers/STM32U5xx_HAL_Driver/Src/stm32u5xx_hal_tim_ex.o
                0x08005e8c                HAL_TIMEx_IndexErrorCallback
 .text.HAL_TIMEx_TransitionErrorCallback
                0x08005ea0       0x14 ./Drivers/STM32U5xx_HAL_Driver/Src/stm32u5xx_hal_tim_ex.o
                0x08005ea0                HAL_TIMEx_TransitionErrorCallback
 .text.HAL_UART_Init
                0x08005eb4       0xa0 ./Drivers/STM32U5xx_HAL_Driver/Src/stm32u5xx_hal_uart.o
                0x08005eb4                HAL_UART_Init
 .text.HAL_UART_MspInit
                0x08005f54       0x14 ./Drivers/STM32U5xx_HAL_Driver/Src/stm32u5xx_hal_uart.o
                0x08005f54                HAL_UART_MspInit
 .text.HAL_UART_Transmit
                0x08005f68      0x13c ./Drivers/STM32U5xx_HAL_Driver/Src/stm32u5xx_hal_uart.o
                0x08005f68                HAL_UART_Transmit
 .text.UART_SetConfig
                0x080060a4      0x344 ./Drivers/STM32U5xx_HAL_Driver/Src/stm32u5xx_hal_uart.o
                0x080060a4                UART_SetConfig
 .text.UART_AdvFeatureConfig
                0x080063e8      0x144 ./Drivers/STM32U5xx_HAL_Driver/Src/stm32u5xx_hal_uart.o
                0x080063e8                UART_AdvFeatureConfig
 .text.UART_CheckIdleState
                0x0800652c      0x154 ./Drivers/STM32U5xx_HAL_Driver/Src/stm32u5xx_hal_uart.o
                0x0800652c                UART_CheckIdleState
 .text.UART_WaitOnFlagUntilTimeout
                0x08006680       0xda ./Drivers/STM32U5xx_HAL_Driver/Src/stm32u5xx_hal_uart.o
                0x08006680                UART_WaitOnFlagUntilTimeout
 .text.UART_EndRxTransfer
                0x0800675a       0xcc ./Drivers/STM32U5xx_HAL_Driver/Src/stm32u5xx_hal_uart.o
 *fill*         0x08006826        0x2 
 .text.std      0x08006828       0x6c D:/ST/STM32CubeIDE/STM32CubeIDE/plugins/com.st.stm32cube.ide.mcu.externaltools.gnu-tools-for-stm32.12.3.rel1.win32_1.1.0.202410251130/tools/bin/../lib/gcc/arm-none-eabi/12.3.1/../../../../arm-none-eabi/lib/thumb/v8-m.main+fp/hard\libc_nano.a(libc_a-findfp.o)
 .text.stdio_exit_handler
                0x08006894       0x18 D:/ST/STM32CubeIDE/STM32CubeIDE/plugins/com.st.stm32cube.ide.mcu.externaltools.gnu-tools-for-stm32.12.3.rel1.win32_1.1.0.202410251130/tools/bin/../lib/gcc/arm-none-eabi/12.3.1/../../../../arm-none-eabi/lib/thumb/v8-m.main+fp/hard\libc_nano.a(libc_a-findfp.o)
 .text.cleanup_stdio
                0x080068ac       0x40 D:/ST/STM32CubeIDE/STM32CubeIDE/plugins/com.st.stm32cube.ide.mcu.externaltools.gnu-tools-for-stm32.12.3.rel1.win32_1.1.0.202410251130/tools/bin/../lib/gcc/arm-none-eabi/12.3.1/../../../../arm-none-eabi/lib/thumb/v8-m.main+fp/hard\libc_nano.a(libc_a-findfp.o)
 .text.global_stdio_init.part.0
                0x080068ec       0x3c D:/ST/STM32CubeIDE/STM32CubeIDE/plugins/com.st.stm32cube.ide.mcu.externaltools.gnu-tools-for-stm32.12.3.rel1.win32_1.1.0.202410251130/tools/bin/../lib/gcc/arm-none-eabi/12.3.1/../../../../arm-none-eabi/lib/thumb/v8-m.main+fp/hard\libc_nano.a(libc_a-findfp.o)
 .text.__sfp_lock_acquire
                0x08006928        0xc D:/ST/STM32CubeIDE/STM32CubeIDE/plugins/com.st.stm32cube.ide.mcu.externaltools.gnu-tools-for-stm32.12.3.rel1.win32_1.1.0.202410251130/tools/bin/../lib/gcc/arm-none-eabi/12.3.1/../../../../arm-none-eabi/lib/thumb/v8-m.main+fp/hard\libc_nano.a(libc_a-findfp.o)
                0x08006928                __sfp_lock_acquire
 .text.__sfp_lock_release
                0x08006934        0xc D:/ST/STM32CubeIDE/STM32CubeIDE/plugins/com.st.stm32cube.ide.mcu.externaltools.gnu-tools-for-stm32.12.3.rel1.win32_1.1.0.202410251130/tools/bin/../lib/gcc/arm-none-eabi/12.3.1/../../../../arm-none-eabi/lib/thumb/v8-m.main+fp/hard\libc_nano.a(libc_a-findfp.o)
                0x08006934                __sfp_lock_release
 .text.__sinit  0x08006940       0x30 D:/ST/STM32CubeIDE/STM32CubeIDE/plugins/com.st.stm32cube.ide.mcu.externaltools.gnu-tools-for-stm32.12.3.rel1.win32_1.1.0.202410251130/tools/bin/../lib/gcc/arm-none-eabi/12.3.1/../../../../arm-none-eabi/lib/thumb/v8-m.main+fp/hard\libc_nano.a(libc_a-findfp.o)
                0x08006940                __sinit
 .text._fwalk_sglue
                0x08006970       0x3c D:/ST/STM32CubeIDE/STM32CubeIDE/plugins/com.st.stm32cube.ide.mcu.externaltools.gnu-tools-for-stm32.12.3.rel1.win32_1.1.0.202410251130/tools/bin/../lib/gcc/arm-none-eabi/12.3.1/../../../../arm-none-eabi/lib/thumb/v8-m.main+fp/hard\libc_nano.a(libc_a-fwalk.o)
                0x08006970                _fwalk_sglue
 .text.printf   0x080069ac       0x24 D:/ST/STM32CubeIDE/STM32CubeIDE/plugins/com.st.stm32cube.ide.mcu.externaltools.gnu-tools-for-stm32.12.3.rel1.win32_1.1.0.202410251130/tools/bin/../lib/gcc/arm-none-eabi/12.3.1/../../../../arm-none-eabi/lib/thumb/v8-m.main+fp/hard\libc_nano.a(libc_a-printf.o)
                0x080069ac                iprintf
                0x080069ac                printf
 .text._puts_r  0x080069d0       0xaa D:/ST/STM32CubeIDE/STM32CubeIDE/plugins/com.st.stm32cube.ide.mcu.externaltools.gnu-tools-for-stm32.12.3.rel1.win32_1.1.0.202410251130/tools/bin/../lib/gcc/arm-none-eabi/12.3.1/../../../../arm-none-eabi/lib/thumb/v8-m.main+fp/hard\libc_nano.a(libc_a-puts.o)
                0x080069d0                _puts_r
 *fill*         0x08006a7a        0x2 
 .text.puts     0x08006a7c       0x10 D:/ST/STM32CubeIDE/STM32CubeIDE/plugins/com.st.stm32cube.ide.mcu.externaltools.gnu-tools-for-stm32.12.3.rel1.win32_1.1.0.202410251130/tools/bin/../lib/gcc/arm-none-eabi/12.3.1/../../../../arm-none-eabi/lib/thumb/v8-m.main+fp/hard\libc_nano.a(libc_a-puts.o)
                0x08006a7c                puts
 .text.sprintf  0x08006a8c       0x40 D:/ST/STM32CubeIDE/STM32CubeIDE/plugins/com.st.stm32cube.ide.mcu.externaltools.gnu-tools-for-stm32.12.3.rel1.win32_1.1.0.202410251130/tools/bin/../lib/gcc/arm-none-eabi/12.3.1/../../../../arm-none-eabi/lib/thumb/v8-m.main+fp/hard\libc_nano.a(libc_a-sprintf.o)
                0x08006a8c                siprintf
                0x08006a8c                sprintf
 .text.__sread  0x08006acc       0x22 D:/ST/STM32CubeIDE/STM32CubeIDE/plugins/com.st.stm32cube.ide.mcu.externaltools.gnu-tools-for-stm32.12.3.rel1.win32_1.1.0.202410251130/tools/bin/../lib/gcc/arm-none-eabi/12.3.1/../../../../arm-none-eabi/lib/thumb/v8-m.main+fp/hard\libc_nano.a(libc_a-stdio.o)
                0x08006acc                __sread
 .text.__swrite
                0x08006aee       0x38 D:/ST/STM32CubeIDE/STM32CubeIDE/plugins/com.st.stm32cube.ide.mcu.externaltools.gnu-tools-for-stm32.12.3.rel1.win32_1.1.0.202410251130/tools/bin/../lib/gcc/arm-none-eabi/12.3.1/../../../../arm-none-eabi/lib/thumb/v8-m.main+fp/hard\libc_nano.a(libc_a-stdio.o)
                0x08006aee                __swrite
 .text.__sseek  0x08006b26       0x24 D:/ST/STM32CubeIDE/STM32CubeIDE/plugins/com.st.stm32cube.ide.mcu.externaltools.gnu-tools-for-stm32.12.3.rel1.win32_1.1.0.202410251130/tools/bin/../lib/gcc/arm-none-eabi/12.3.1/../../../../arm-none-eabi/lib/thumb/v8-m.main+fp/hard\libc_nano.a(libc_a-stdio.o)
                0x08006b26                __sseek
 .text.__sclose
                0x08006b4a        0x8 D:/ST/STM32CubeIDE/STM32CubeIDE/plugins/com.st.stm32cube.ide.mcu.externaltools.gnu-tools-for-stm32.12.3.rel1.win32_1.1.0.202410251130/tools/bin/../lib/gcc/arm-none-eabi/12.3.1/../../../../arm-none-eabi/lib/thumb/v8-m.main+fp/hard\libc_nano.a(libc_a-stdio.o)
                0x08006b4a                __sclose
 .text.__swbuf_r
                0x08006b52       0x7c D:/ST/STM32CubeIDE/STM32CubeIDE/plugins/com.st.stm32cube.ide.mcu.externaltools.gnu-tools-for-stm32.12.3.rel1.win32_1.1.0.202410251130/tools/bin/../lib/gcc/arm-none-eabi/12.3.1/../../../../arm-none-eabi/lib/thumb/v8-m.main+fp/hard\libc_nano.a(libc_a-wbuf.o)
                0x08006b52                __swbuf_r
 *fill*         0x08006bce        0x2 
 .text.__swsetup_r
                0x08006bd0       0xac D:/ST/STM32CubeIDE/STM32CubeIDE/plugins/com.st.stm32cube.ide.mcu.externaltools.gnu-tools-for-stm32.12.3.rel1.win32_1.1.0.202410251130/tools/bin/../lib/gcc/arm-none-eabi/12.3.1/../../../../arm-none-eabi/lib/thumb/v8-m.main+fp/hard\libc_nano.a(libc_a-wsetup.o)
                0x08006bd0                __swsetup_r
 .text.memset   0x08006c7c       0x10 D:/ST/STM32CubeIDE/STM32CubeIDE/plugins/com.st.stm32cube.ide.mcu.externaltools.gnu-tools-for-stm32.12.3.rel1.win32_1.1.0.202410251130/tools/bin/../lib/gcc/arm-none-eabi/12.3.1/../../../../arm-none-eabi/lib/thumb/v8-m.main+fp/hard\libc_nano.a(libc_a-memset.o)
                0x08006c7c                memset
 .text.strncpy  0x08006c8c       0x26 D:/ST/STM32CubeIDE/STM32CubeIDE/plugins/com.st.stm32cube.ide.mcu.externaltools.gnu-tools-for-stm32.12.3.rel1.win32_1.1.0.202410251130/tools/bin/../lib/gcc/arm-none-eabi/12.3.1/../../../../arm-none-eabi/lib/thumb/v8-m.main+fp/hard\libc_nano.a(libc_a-strncpy.o)
                0x08006c8c                strncpy
 *fill*         0x08006cb2        0x2 
 .text._close_r
                0x08006cb4       0x20 D:/ST/STM32CubeIDE/STM32CubeIDE/plugins/com.st.stm32cube.ide.mcu.externaltools.gnu-tools-for-stm32.12.3.rel1.win32_1.1.0.202410251130/tools/bin/../lib/gcc/arm-none-eabi/12.3.1/../../../../arm-none-eabi/lib/thumb/v8-m.main+fp/hard\libc_nano.a(libc_a-closer.o)
                0x08006cb4                _close_r
 .text._lseek_r
                0x08006cd4       0x24 D:/ST/STM32CubeIDE/STM32CubeIDE/plugins/com.st.stm32cube.ide.mcu.externaltools.gnu-tools-for-stm32.12.3.rel1.win32_1.1.0.202410251130/tools/bin/../lib/gcc/arm-none-eabi/12.3.1/../../../../arm-none-eabi/lib/thumb/v8-m.main+fp/hard\libc_nano.a(libc_a-lseekr.o)
                0x08006cd4                _lseek_r
 .text._read_r  0x08006cf8       0x24 D:/ST/STM32CubeIDE/STM32CubeIDE/plugins/com.st.stm32cube.ide.mcu.externaltools.gnu-tools-for-stm32.12.3.rel1.win32_1.1.0.202410251130/tools/bin/../lib/gcc/arm-none-eabi/12.3.1/../../../../arm-none-eabi/lib/thumb/v8-m.main+fp/hard\libc_nano.a(libc_a-readr.o)
                0x08006cf8                _read_r
 .text._write_r
                0x08006d1c       0x24 D:/ST/STM32CubeIDE/STM32CubeIDE/plugins/com.st.stm32cube.ide.mcu.externaltools.gnu-tools-for-stm32.12.3.rel1.win32_1.1.0.202410251130/tools/bin/../lib/gcc/arm-none-eabi/12.3.1/../../../../arm-none-eabi/lib/thumb/v8-m.main+fp/hard\libc_nano.a(libc_a-writer.o)
                0x08006d1c                _write_r
 .text.__errno  0x08006d40        0xc D:/ST/STM32CubeIDE/STM32CubeIDE/plugins/com.st.stm32cube.ide.mcu.externaltools.gnu-tools-for-stm32.12.3.rel1.win32_1.1.0.202410251130/tools/bin/../lib/gcc/arm-none-eabi/12.3.1/../../../../arm-none-eabi/lib/thumb/v8-m.main+fp/hard\libc_nano.a(libc_a-errno.o)
                0x08006d40                __errno
 .text.__libc_init_array
                0x08006d4c       0x48 D:/ST/STM32CubeIDE/STM32CubeIDE/plugins/com.st.stm32cube.ide.mcu.externaltools.gnu-tools-for-stm32.12.3.rel1.win32_1.1.0.202410251130/tools/bin/../lib/gcc/arm-none-eabi/12.3.1/../../../../arm-none-eabi/lib/thumb/v8-m.main+fp/hard\libc_nano.a(libc_a-init.o)
                0x08006d4c                __libc_init_array
 .text.__retarget_lock_init_recursive
                0x08006d94        0x2 D:/ST/STM32CubeIDE/STM32CubeIDE/plugins/com.st.stm32cube.ide.mcu.externaltools.gnu-tools-for-stm32.12.3.rel1.win32_1.1.0.202410251130/tools/bin/../lib/gcc/arm-none-eabi/12.3.1/../../../../arm-none-eabi/lib/thumb/v8-m.main+fp/hard\libc_nano.a(libc_a-lock.o)
                0x08006d94                __retarget_lock_init_recursive
 .text.__retarget_lock_acquire_recursive
                0x08006d96        0x2 D:/ST/STM32CubeIDE/STM32CubeIDE/plugins/com.st.stm32cube.ide.mcu.externaltools.gnu-tools-for-stm32.12.3.rel1.win32_1.1.0.202410251130/tools/bin/../lib/gcc/arm-none-eabi/12.3.1/../../../../arm-none-eabi/lib/thumb/v8-m.main+fp/hard\libc_nano.a(libc_a-lock.o)
                0x08006d96                __retarget_lock_acquire_recursive
 .text.__retarget_lock_release_recursive
                0x08006d98        0x2 D:/ST/STM32CubeIDE/STM32CubeIDE/plugins/com.st.stm32cube.ide.mcu.externaltools.gnu-tools-for-stm32.12.3.rel1.win32_1.1.0.202410251130/tools/bin/../lib/gcc/arm-none-eabi/12.3.1/../../../../arm-none-eabi/lib/thumb/v8-m.main+fp/hard\libc_nano.a(libc_a-lock.o)
                0x08006d98                __retarget_lock_release_recursive
 *fill*         0x08006d9a        0x2 
 .text._free_r  0x08006d9c       0x94 D:/ST/STM32CubeIDE/STM32CubeIDE/plugins/com.st.stm32cube.ide.mcu.externaltools.gnu-tools-for-stm32.12.3.rel1.win32_1.1.0.202410251130/tools/bin/../lib/gcc/arm-none-eabi/12.3.1/../../../../arm-none-eabi/lib/thumb/v8-m.main+fp/hard\libc_nano.a(libc_a-freer.o)
                0x08006d9c                _free_r
 .text.sbrk_aligned
                0x08006e30       0x44 D:/ST/STM32CubeIDE/STM32CubeIDE/plugins/com.st.stm32cube.ide.mcu.externaltools.gnu-tools-for-stm32.12.3.rel1.win32_1.1.0.202410251130/tools/bin/../lib/gcc/arm-none-eabi/12.3.1/../../../../arm-none-eabi/lib/thumb/v8-m.main+fp/hard\libc_nano.a(libc_a-mallocr.o)
 .text._malloc_r
                0x08006e74      0x100 D:/ST/STM32CubeIDE/STM32CubeIDE/plugins/com.st.stm32cube.ide.mcu.externaltools.gnu-tools-for-stm32.12.3.rel1.win32_1.1.0.202410251130/tools/bin/../lib/gcc/arm-none-eabi/12.3.1/../../../../arm-none-eabi/lib/thumb/v8-m.main+fp/hard\libc_nano.a(libc_a-mallocr.o)
                0x08006e74                _malloc_r
 .text.__malloc_lock
                0x08006f74        0xc D:/ST/STM32CubeIDE/STM32CubeIDE/plugins/com.st.stm32cube.ide.mcu.externaltools.gnu-tools-for-stm32.12.3.rel1.win32_1.1.0.202410251130/tools/bin/../lib/gcc/arm-none-eabi/12.3.1/../../../../arm-none-eabi/lib/thumb/v8-m.main+fp/hard\libc_nano.a(libc_a-mlock.o)
                0x08006f74                __malloc_lock
 .text.__malloc_unlock
                0x08006f80        0xc D:/ST/STM32CubeIDE/STM32CubeIDE/plugins/com.st.stm32cube.ide.mcu.externaltools.gnu-tools-for-stm32.12.3.rel1.win32_1.1.0.202410251130/tools/bin/../lib/gcc/arm-none-eabi/12.3.1/../../../../arm-none-eabi/lib/thumb/v8-m.main+fp/hard\libc_nano.a(libc_a-mlock.o)
                0x08006f80                __malloc_unlock
 .text.__ssputs_r
                0x08006f8c       0xb6 D:/ST/STM32CubeIDE/STM32CubeIDE/plugins/com.st.stm32cube.ide.mcu.externaltools.gnu-tools-for-stm32.12.3.rel1.win32_1.1.0.202410251130/tools/bin/../lib/gcc/arm-none-eabi/12.3.1/../../../../arm-none-eabi/lib/thumb/v8-m.main+fp/hard\libc_nano.a(libc_a-nano-svfprintf.o)
                0x08006f8c                __ssputs_r
 *fill*         0x08007042        0x2 
 .text._svfprintf_r
                0x08007044      0x1f8 D:/ST/STM32CubeIDE/STM32CubeIDE/plugins/com.st.stm32cube.ide.mcu.externaltools.gnu-tools-for-stm32.12.3.rel1.win32_1.1.0.202410251130/tools/bin/../lib/gcc/arm-none-eabi/12.3.1/../../../../arm-none-eabi/lib/thumb/v8-m.main+fp/hard\libc_nano.a(libc_a-nano-svfprintf.o)
                0x08007044                _svfiprintf_r
                0x08007044                _svfprintf_r
 .text.__sfputc_r
                0x0800723c       0x2e D:/ST/STM32CubeIDE/STM32CubeIDE/plugins/com.st.stm32cube.ide.mcu.externaltools.gnu-tools-for-stm32.12.3.rel1.win32_1.1.0.202410251130/tools/bin/../lib/gcc/arm-none-eabi/12.3.1/../../../../arm-none-eabi/lib/thumb/v8-m.main+fp/hard\libc_nano.a(libc_a-nano-vfprintf.o)
 .text.__sfputs_r
                0x0800726a       0x24 D:/ST/STM32CubeIDE/STM32CubeIDE/plugins/com.st.stm32cube.ide.mcu.externaltools.gnu-tools-for-stm32.12.3.rel1.win32_1.1.0.202410251130/tools/bin/../lib/gcc/arm-none-eabi/12.3.1/../../../../arm-none-eabi/lib/thumb/v8-m.main+fp/hard\libc_nano.a(libc_a-nano-vfprintf.o)
                0x0800726a                __sfputs_r
 *fill*         0x0800728e        0x2 
 .text._vfprintf_r
                0x08007290      0x230 D:/ST/STM32CubeIDE/STM32CubeIDE/plugins/com.st.stm32cube.ide.mcu.externaltools.gnu-tools-for-stm32.12.3.rel1.win32_1.1.0.202410251130/tools/bin/../lib/gcc/arm-none-eabi/12.3.1/../../../../arm-none-eabi/lib/thumb/v8-m.main+fp/hard\libc_nano.a(libc_a-nano-vfprintf.o)
                0x08007290                _vfprintf_r
                0x08007290                _vfiprintf_r
 .text._printf_common
                0x080074c0       0xe4 D:/ST/STM32CubeIDE/STM32CubeIDE/plugins/com.st.stm32cube.ide.mcu.externaltools.gnu-tools-for-stm32.12.3.rel1.win32_1.1.0.202410251130/tools/bin/../lib/gcc/arm-none-eabi/12.3.1/../../../../arm-none-eabi/lib/thumb/v8-m.main+fp/hard\libc_nano.a(libc_a-nano-vfprintf_i.o)
                0x080074c0                _printf_common
 .text._printf_i
                0x080075a4      0x240 D:/ST/STM32CubeIDE/STM32CubeIDE/plugins/com.st.stm32cube.ide.mcu.externaltools.gnu-tools-for-stm32.12.3.rel1.win32_1.1.0.202410251130/tools/bin/../lib/gcc/arm-none-eabi/12.3.1/../../../../arm-none-eabi/lib/thumb/v8-m.main+fp/hard\libc_nano.a(libc_a-nano-vfprintf_i.o)
                0x080075a4                _printf_i
 .text.__sflush_r
                0x080077e4      0x108 D:/ST/STM32CubeIDE/STM32CubeIDE/plugins/com.st.stm32cube.ide.mcu.externaltools.gnu-tools-for-stm32.12.3.rel1.win32_1.1.0.202410251130/tools/bin/../lib/gcc/arm-none-eabi/12.3.1/../../../../arm-none-eabi/lib/thumb/v8-m.main+fp/hard\libc_nano.a(libc_a-fflush.o)
                0x080077e4                __sflush_r
 .text._fflush_r
                0x080078ec       0x50 D:/ST/STM32CubeIDE/STM32CubeIDE/plugins/com.st.stm32cube.ide.mcu.externaltools.gnu-tools-for-stm32.12.3.rel1.win32_1.1.0.202410251130/tools/bin/../lib/gcc/arm-none-eabi/12.3.1/../../../../arm-none-eabi/lib/thumb/v8-m.main+fp/hard\libc_nano.a(libc_a-fflush.o)
                0x080078ec                _fflush_r
 .text.__swhatbuf_r
                0x0800793c       0x4a D:/ST/STM32CubeIDE/STM32CubeIDE/plugins/com.st.stm32cube.ide.mcu.externaltools.gnu-tools-for-stm32.12.3.rel1.win32_1.1.0.202410251130/tools/bin/../lib/gcc/arm-none-eabi/12.3.1/../../../../arm-none-eabi/lib/thumb/v8-m.main+fp/hard\libc_nano.a(libc_a-makebuf.o)
                0x0800793c                __swhatbuf_r
 .text.__smakebuf_r
                0x08007986       0x78 D:/ST/STM32CubeIDE/STM32CubeIDE/plugins/com.st.stm32cube.ide.mcu.externaltools.gnu-tools-for-stm32.12.3.rel1.win32_1.1.0.202410251130/tools/bin/../lib/gcc/arm-none-eabi/12.3.1/../../../../arm-none-eabi/lib/thumb/v8-m.main+fp/hard\libc_nano.a(libc_a-makebuf.o)
                0x08007986                __smakebuf_r
 .text.memmove  0x080079fe       0x34 D:/ST/STM32CubeIDE/STM32CubeIDE/plugins/com.st.stm32cube.ide.mcu.externaltools.gnu-tools-for-stm32.12.3.rel1.win32_1.1.0.202410251130/tools/bin/../lib/gcc/arm-none-eabi/12.3.1/../../../../arm-none-eabi/lib/thumb/v8-m.main+fp/hard\libc_nano.a(libc_a-memmove.o)
                0x080079fe                memmove
 *fill*         0x08007a32        0x2 
 .text._fstat_r
                0x08007a34       0x24 D:/ST/STM32CubeIDE/STM32CubeIDE/plugins/com.st.stm32cube.ide.mcu.externaltools.gnu-tools-for-stm32.12.3.rel1.win32_1.1.0.202410251130/tools/bin/../lib/gcc/arm-none-eabi/12.3.1/../../../../arm-none-eabi/lib/thumb/v8-m.main+fp/hard\libc_nano.a(libc_a-fstatr.o)
                0x08007a34                _fstat_r
 .text._isatty_r
                0x08007a58       0x20 D:/ST/STM32CubeIDE/STM32CubeIDE/plugins/com.st.stm32cube.ide.mcu.externaltools.gnu-tools-for-stm32.12.3.rel1.win32_1.1.0.202410251130/tools/bin/../lib/gcc/arm-none-eabi/12.3.1/../../../../arm-none-eabi/lib/thumb/v8-m.main+fp/hard\libc_nano.a(libc_a-isattyr.o)
                0x08007a58                _isatty_r
 .text._sbrk_r  0x08007a78       0x20 D:/ST/STM32CubeIDE/STM32CubeIDE/plugins/com.st.stm32cube.ide.mcu.externaltools.gnu-tools-for-stm32.12.3.rel1.win32_1.1.0.202410251130/tools/bin/../lib/gcc/arm-none-eabi/12.3.1/../../../../arm-none-eabi/lib/thumb/v8-m.main+fp/hard\libc_nano.a(libc_a-sbrkr.o)
                0x08007a78                _sbrk_r
 .text.memchr   0x08007a98       0x1c D:/ST/STM32CubeIDE/STM32CubeIDE/plugins/com.st.stm32cube.ide.mcu.externaltools.gnu-tools-for-stm32.12.3.rel1.win32_1.1.0.202410251130/tools/bin/../lib/gcc/arm-none-eabi/12.3.1/../../../../arm-none-eabi/lib/thumb/v8-m.main+fp/hard\libc_nano.a(libc_a-memchr-stub.o)
                0x08007a98                memchr
 .text.memcpy   0x08007ab4       0x1a D:/ST/STM32CubeIDE/STM32CubeIDE/plugins/com.st.stm32cube.ide.mcu.externaltools.gnu-tools-for-stm32.12.3.rel1.win32_1.1.0.202410251130/tools/bin/../lib/gcc/arm-none-eabi/12.3.1/../../../../arm-none-eabi/lib/thumb/v8-m.main+fp/hard\libc_nano.a(libc_a-memcpy-stub.o)
                0x08007ab4                memcpy
 .text._realloc_r
                0x08007ace       0x5c D:/ST/STM32CubeIDE/STM32CubeIDE/plugins/com.st.stm32cube.ide.mcu.externaltools.gnu-tools-for-stm32.12.3.rel1.win32_1.1.0.202410251130/tools/bin/../lib/gcc/arm-none-eabi/12.3.1/../../../../arm-none-eabi/lib/thumb/v8-m.main+fp/hard\libc_nano.a(libc_a-reallocr.o)
                0x08007ace                _realloc_r
 .text._malloc_usable_size_r
                0x08007b2a       0x10 D:/ST/STM32CubeIDE/STM32CubeIDE/plugins/com.st.stm32cube.ide.mcu.externaltools.gnu-tools-for-stm32.12.3.rel1.win32_1.1.0.202410251130/tools/bin/../lib/gcc/arm-none-eabi/12.3.1/../../../../arm-none-eabi/lib/thumb/v8-m.main+fp/hard\libc_nano.a(libc_a-msizer.o)
                0x08007b2a                _malloc_usable_size_r
 *(.glue_7)
 .glue_7        0x08007b3a        0x0 linker stubs
 *(.glue_7t)
 .glue_7t       0x08007b3a        0x0 linker stubs
 *(.eh_frame)
 *fill*         0x08007b3a        0x2 
 .eh_frame      0x08007b3c        0x0 D:/ST/STM32CubeIDE/STM32CubeIDE/plugins/com.st.stm32cube.ide.mcu.externaltools.gnu-tools-for-stm32.12.3.rel1.win32_1.1.0.202410251130/tools/bin/../lib/gcc/arm-none-eabi/12.3.1/thumb/v8-m.main+fp/hard/crtbegin.o
 *(.init)
 .init          0x08007b3c        0x4 D:/ST/STM32CubeIDE/STM32CubeIDE/plugins/com.st.stm32cube.ide.mcu.externaltools.gnu-tools-for-stm32.12.3.rel1.win32_1.1.0.202410251130/tools/bin/../lib/gcc/arm-none-eabi/12.3.1/thumb/v8-m.main+fp/hard/crti.o
                0x08007b3c                _init
 .init          0x08007b40        0x8 D:/ST/STM32CubeIDE/STM32CubeIDE/plugins/com.st.stm32cube.ide.mcu.externaltools.gnu-tools-for-stm32.12.3.rel1.win32_1.1.0.202410251130/tools/bin/../lib/gcc/arm-none-eabi/12.3.1/thumb/v8-m.main+fp/hard/crtn.o
 *(.fini)
 .fini          0x08007b48        0x4 D:/ST/STM32CubeIDE/STM32CubeIDE/plugins/com.st.stm32cube.ide.mcu.externaltools.gnu-tools-for-stm32.12.3.rel1.win32_1.1.0.202410251130/tools/bin/../lib/gcc/arm-none-eabi/12.3.1/thumb/v8-m.main+fp/hard/crti.o
                0x08007b48                _fini
 .fini          0x08007b4c        0x8 D:/ST/STM32CubeIDE/STM32CubeIDE/plugins/com.st.stm32cube.ide.mcu.externaltools.gnu-tools-for-stm32.12.3.rel1.win32_1.1.0.202410251130/tools/bin/../lib/gcc/arm-none-eabi/12.3.1/thumb/v8-m.main+fp/hard/crtn.o
                0x08007b54                        _etext = .

.vfp11_veneer   0x08007b54        0x0
 .vfp11_veneer  0x08007b54        0x0 linker stubs

.v4_bx          0x08007b54        0x0
 .v4_bx         0x08007b54        0x0 linker stubs

.iplt           0x08007b54        0x0
 .iplt          0x08007b54        0x0 D:/ST/STM32CubeIDE/STM32CubeIDE/plugins/com.st.stm32cube.ide.mcu.externaltools.gnu-tools-for-stm32.12.3.rel1.win32_1.1.0.202410251130/tools/bin/../lib/gcc/arm-none-eabi/12.3.1/thumb/v8-m.main+fp/hard/crtbegin.o

.rodata         0x08007b54      0xc8b
 *(.rodata)
 .rodata        0x08007b54      0xa70 ./Core/Src/cm_backtrace/cm_backtrace.o
 .rodata        0x080085c4       0xce ./Core/Src/main.o
 *(.rodata*)
 *fill*         0x08008692        0x2 
 .rodata.__FUNCTION__.0
                0x08008694       0x13 ./Core/Src/cm_backtrace/cm_backtrace.o
 *fill*         0x080086a7        0x1 
 .rodata.__FUNCTION__.0
                0x080086a8        0x5 ./Core/Src/main.o
 *fill*         0x080086ad        0x3 
 .rodata.AHBPrescTable
                0x080086b0       0x10 ./Core/Src/system_stm32u5xx.o
                0x080086b0                AHBPrescTable
 .rodata.APBPrescTable
                0x080086c0        0x8 ./Core/Src/system_stm32u5xx.o
                0x080086c0                APBPrescTable
 .rodata.MSIRangeTable
                0x080086c8       0x40 ./Core/Src/system_stm32u5xx.o
                0x080086c8                MSIRangeTable
 .rodata.LED_PIN
                0x08008708        0x6 ./Drivers/BSP/STM32U5xx_Nucleo/stm32u5xx_nucleo.o
 *fill*         0x0800870e        0x2 
 .rodata.BUTTON_EXTI_LINE.2
                0x08008710        0x4 ./Drivers/BSP/STM32U5xx_Nucleo/stm32u5xx_nucleo.o
 .rodata.LPGPIO_Map
                0x08008714       0x80 ./Drivers/STM32U5xx_HAL_Driver/Src/stm32u5xx_hal_gpio.o
 .rodata.UARTPrescTable
                0x08008794       0x18 ./Drivers/STM32U5xx_HAL_Driver/Src/stm32u5xx_hal_uart.o
                0x08008794                UARTPrescTable
 .rodata._svfprintf_r.str1.1
                0x080087ac       0x11 D:/ST/STM32CubeIDE/STM32CubeIDE/plugins/com.st.stm32cube.ide.mcu.externaltools.gnu-tools-for-stm32.12.3.rel1.win32_1.1.0.202410251130/tools/bin/../lib/gcc/arm-none-eabi/12.3.1/../../../../arm-none-eabi/lib/thumb/v8-m.main+fp/hard\libc_nano.a(libc_a-nano-svfprintf.o)
 .rodata._vfprintf_r.str1.1
                0x080087bd       0x11 D:/ST/STM32CubeIDE/STM32CubeIDE/plugins/com.st.stm32cube.ide.mcu.externaltools.gnu-tools-for-stm32.12.3.rel1.win32_1.1.0.202410251130/tools/bin/../lib/gcc/arm-none-eabi/12.3.1/../../../../arm-none-eabi/lib/thumb/v8-m.main+fp/hard\libc_nano.a(libc_a-nano-vfprintf.o)
 .rodata._printf_i.str1.1
                0x080087bd       0x22 D:/ST/STM32CubeIDE/STM32CubeIDE/plugins/com.st.stm32cube.ide.mcu.externaltools.gnu-tools-for-stm32.12.3.rel1.win32_1.1.0.202410251130/tools/bin/../lib/gcc/arm-none-eabi/12.3.1/../../../../arm-none-eabi/lib/thumb/v8-m.main+fp/hard\libc_nano.a(libc_a-nano-vfprintf_i.o)

.ARM.extab
 *(.ARM.extab* .gnu.linkonce.armextab.*)

.ARM            0x080087e0        0x8
                0x080087e0                        __exidx_start = .
 *(.ARM.exidx*)
 .ARM.exidx     0x080087e0        0x8 D:/ST/STM32CubeIDE/STM32CubeIDE/plugins/com.st.stm32cube.ide.mcu.externaltools.gnu-tools-for-stm32.12.3.rel1.win32_1.1.0.202410251130/tools/bin/../lib/gcc/arm-none-eabi/12.3.1/thumb/v8-m.main+fp/hard\libgcc.a(_udivmoddi4.o)
                0x080087e8                        __exidx_end = .

.preinit_array  0x080087e8        0x0
                0x080087e8                        PROVIDE (__preinit_array_start = .)
 *(.preinit_array*)
                0x080087e8                        PROVIDE (__preinit_array_end = .)

.init_array     0x080087e8        0x4
                0x080087e8                        PROVIDE (__init_array_start = .)
 *(SORT_BY_NAME(.init_array.*))
 *(.init_array*)
 .init_array    0x080087e8        0x4 D:/ST/STM32CubeIDE/STM32CubeIDE/plugins/com.st.stm32cube.ide.mcu.externaltools.gnu-tools-for-stm32.12.3.rel1.win32_1.1.0.202410251130/tools/bin/../lib/gcc/arm-none-eabi/12.3.1/thumb/v8-m.main+fp/hard/crtbegin.o
                0x080087ec                        PROVIDE (__init_array_end = .)

.fini_array     0x080087ec        0x4
                [!provide]                        PROVIDE (__fini_array_start = .)
 *(SORT_BY_NAME(.fini_array.*))
 *(.fini_array*)
 .fini_array    0x080087ec        0x4 D:/ST/STM32CubeIDE/STM32CubeIDE/plugins/com.st.stm32cube.ide.mcu.externaltools.gnu-tools-for-stm32.12.3.rel1.win32_1.1.0.202410251130/tools/bin/../lib/gcc/arm-none-eabi/12.3.1/thumb/v8-m.main+fp/hard/crtbegin.o
                [!provide]                        PROVIDE (__fini_array_end = .)
                0x080087f0                        _sidata = LOADADDR (.data)

.rel.dyn        0x080087f0        0x0
 .rel.iplt      0x080087f0        0x0 D:/ST/STM32CubeIDE/STM32CubeIDE/plugins/com.st.stm32cube.ide.mcu.externaltools.gnu-tools-for-stm32.12.3.rel1.win32_1.1.0.202410251130/tools/bin/../lib/gcc/arm-none-eabi/12.3.1/thumb/v8-m.main+fp/hard/crtbegin.o

.data           0x20000000       0x84 load address 0x080087f0
                0x20000000                        _sdata = .
 *(.data)
 *(.data*)
 .data.SystemCoreClock
                0x20000000        0x4 ./Core/Src/system_stm32u5xx.o
                0x20000000                SystemCoreClock
 .data.COM_USART
                0x20000004        0x4 ./Drivers/BSP/STM32U5xx_Nucleo/stm32u5xx_nucleo.o
                0x20000004                COM_USART
 .data.LED_PORT
                0x20000008        0xc ./Drivers/BSP/STM32U5xx_Nucleo/stm32u5xx_nucleo.o
 .data.BUTTON_PORT
                0x20000014        0x4 ./Drivers/BSP/STM32U5xx_Nucleo/stm32u5xx_nucleo.o
 .data.ButtonCallback.1
                0x20000018        0x4 ./Drivers/BSP/STM32U5xx_Nucleo/stm32u5xx_nucleo.o
 .data.BSP_BUTTON_PRIO.0
                0x2000001c        0x4 ./Drivers/BSP/STM32U5xx_Nucleo/stm32u5xx_nucleo.o
 .data.uwTickPrio
                0x20000020        0x4 ./Drivers/STM32U5xx_HAL_Driver/Src/stm32u5xx_hal.o
                0x20000020                uwTickPrio
 .data.uwTickFreq
                0x20000024        0x1 ./Drivers/STM32U5xx_HAL_Driver/Src/stm32u5xx_hal.o
                0x20000024                uwTickFreq
 *fill*         0x20000025        0x3 
 .data.__sglue  0x20000028        0xc D:/ST/STM32CubeIDE/STM32CubeIDE/plugins/com.st.stm32cube.ide.mcu.externaltools.gnu-tools-for-stm32.12.3.rel1.win32_1.1.0.202410251130/tools/bin/../lib/gcc/arm-none-eabi/12.3.1/../../../../arm-none-eabi/lib/thumb/v8-m.main+fp/hard\libc_nano.a(libc_a-findfp.o)
                0x20000028                __sglue
 .data._impure_ptr
                0x20000034        0x4 D:/ST/STM32CubeIDE/STM32CubeIDE/plugins/com.st.stm32cube.ide.mcu.externaltools.gnu-tools-for-stm32.12.3.rel1.win32_1.1.0.202410251130/tools/bin/../lib/gcc/arm-none-eabi/12.3.1/../../../../arm-none-eabi/lib/thumb/v8-m.main+fp/hard\libc_nano.a(libc_a-impure.o)
                0x20000034                _impure_ptr
 .data._impure_data
                0x20000038       0x4c D:/ST/STM32CubeIDE/STM32CubeIDE/plugins/com.st.stm32cube.ide.mcu.externaltools.gnu-tools-for-stm32.12.3.rel1.win32_1.1.0.202410251130/tools/bin/../lib/gcc/arm-none-eabi/12.3.1/../../../../arm-none-eabi/lib/thumb/v8-m.main+fp/hard\libc_nano.a(libc_a-impure.o)
                0x20000038                _impure_data
 *(.RamFunc)
 *(.RamFunc*)
                0x20000084                        _edata = .

.igot.plt       0x20000084        0x0 load address 0x08008874
 .igot.plt      0x20000084        0x0 D:/ST/STM32CubeIDE/STM32CubeIDE/plugins/com.st.stm32cube.ide.mcu.externaltools.gnu-tools-for-stm32.12.3.rel1.win32_1.1.0.202410251130/tools/bin/../lib/gcc/arm-none-eabi/12.3.1/thumb/v8-m.main+fp/hard/crtbegin.o

.bss            0x20000084      0x45c load address 0x08008874
                0x20000084                        _sbss = .
                0x20000084                        __bss_start__ = _sbss
 *(.bss)
 .bss           0x20000084       0x1c D:/ST/STM32CubeIDE/STM32CubeIDE/plugins/com.st.stm32cube.ide.mcu.externaltools.gnu-tools-for-stm32.12.3.rel1.win32_1.1.0.202410251130/tools/bin/../lib/gcc/arm-none-eabi/12.3.1/thumb/v8-m.main+fp/hard/crtbegin.o
 *(.bss*)
 .bss.fw_name   0x200000a0       0x21 ./Core/Src/cm_backtrace/cm_backtrace.o
 *fill*         0x200000c1        0x3 
 .bss.hw_ver    0x200000c4       0x21 ./Core/Src/cm_backtrace/cm_backtrace.o
 *fill*         0x200000e5        0x3 
 .bss.sw_ver    0x200000e8       0x21 ./Core/Src/cm_backtrace/cm_backtrace.o
 *fill*         0x20000109        0x3 
 .bss.main_stack_start_addr
                0x2000010c        0x4 ./Core/Src/cm_backtrace/cm_backtrace.o
 .bss.main_stack_size
                0x20000110        0x4 ./Core/Src/cm_backtrace/cm_backtrace.o
 .bss.code_start_addr
                0x20000114        0x4 ./Core/Src/cm_backtrace/cm_backtrace.o
 .bss.code_size
                0x20000118        0x4 ./Core/Src/cm_backtrace/cm_backtrace.o
 .bss.init_ok   0x2000011c        0x1 ./Core/Src/cm_backtrace/cm_backtrace.o
 *fill*         0x2000011d        0x3 
 .bss.call_stack_info
                0x20000120      0x120 ./Core/Src/cm_backtrace/cm_backtrace.o
 .bss.on_fault  0x20000240        0x1 ./Core/Src/cm_backtrace/cm_backtrace.o
 .bss.stack_is_overflow
                0x20000241        0x1 ./Core/Src/cm_backtrace/cm_backtrace.o
 *fill*         0x20000242        0x2 
 .bss.regs      0x20000244       0x44 ./Core/Src/cm_backtrace/cm_backtrace.o
 .bss.statck_has_fpu_regs
                0x20000288        0x1 ./Core/Src/cm_backtrace/cm_backtrace.o
 .bss.on_thread_before_fault
                0x20000289        0x1 ./Core/Src/cm_backtrace/cm_backtrace.o
 *fill*         0x2000028a        0x2 
 .bss.BspCOMInit
                0x2000028c       0x10 ./Core/Src/main.o
                0x2000028c                BspCOMInit
 .bss.htim17    0x2000029c       0x4c ./Core/Src/stm32u5xx_hal_timebase_tim.o
                0x2000029c                htim17
 .bss.__sbrk_heap_end
                0x200002e8        0x4 ./Core/Src/sysmem.o
 .bss.hpb_exti  0x200002ec        0xc ./Drivers/BSP/STM32U5xx_Nucleo/stm32u5xx_nucleo.o
                0x200002ec                hpb_exti
 .bss.hcom_uart
                0x200002f8       0x94 ./Drivers/BSP/STM32U5xx_Nucleo/stm32u5xx_nucleo.o
                0x200002f8                hcom_uart
 .bss.COM_ActiveLogPort
                0x2000038c        0x1 ./Drivers/BSP/STM32U5xx_Nucleo/stm32u5xx_nucleo.o
 *fill*         0x2000038d        0x3 
 .bss.uwTick    0x20000390        0x4 ./Drivers/STM32U5xx_HAL_Driver/Src/stm32u5xx_hal.o
                0x20000390                uwTick
 .bss.__sf      0x20000394      0x138 D:/ST/STM32CubeIDE/STM32CubeIDE/plugins/com.st.stm32cube.ide.mcu.externaltools.gnu-tools-for-stm32.12.3.rel1.win32_1.1.0.202410251130/tools/bin/../lib/gcc/arm-none-eabi/12.3.1/../../../../arm-none-eabi/lib/thumb/v8-m.main+fp/hard\libc_nano.a(libc_a-findfp.o)
                0x20000394                __sf
 .bss.__stdio_exit_handler
                0x200004cc        0x4 D:/ST/STM32CubeIDE/STM32CubeIDE/plugins/com.st.stm32cube.ide.mcu.externaltools.gnu-tools-for-stm32.12.3.rel1.win32_1.1.0.202410251130/tools/bin/../lib/gcc/arm-none-eabi/12.3.1/../../../../arm-none-eabi/lib/thumb/v8-m.main+fp/hard\libc_nano.a(libc_a-findfp.o)
                0x200004cc                __stdio_exit_handler
 .bss.errno     0x200004d0        0x4 D:/ST/STM32CubeIDE/STM32CubeIDE/plugins/com.st.stm32cube.ide.mcu.externaltools.gnu-tools-for-stm32.12.3.rel1.win32_1.1.0.202410251130/tools/bin/../lib/gcc/arm-none-eabi/12.3.1/../../../../arm-none-eabi/lib/thumb/v8-m.main+fp/hard\libc_nano.a(libc_a-reent.o)
                0x200004d0                errno
 .bss.__lock___malloc_recursive_mutex
                0x200004d4        0x1 D:/ST/STM32CubeIDE/STM32CubeIDE/plugins/com.st.stm32cube.ide.mcu.externaltools.gnu-tools-for-stm32.12.3.rel1.win32_1.1.0.202410251130/tools/bin/../lib/gcc/arm-none-eabi/12.3.1/../../../../arm-none-eabi/lib/thumb/v8-m.main+fp/hard\libc_nano.a(libc_a-lock.o)
                0x200004d4                __lock___malloc_recursive_mutex
 .bss.__lock___sfp_recursive_mutex
                0x200004d5        0x1 D:/ST/STM32CubeIDE/STM32CubeIDE/plugins/com.st.stm32cube.ide.mcu.externaltools.gnu-tools-for-stm32.12.3.rel1.win32_1.1.0.202410251130/tools/bin/../lib/gcc/arm-none-eabi/12.3.1/../../../../arm-none-eabi/lib/thumb/v8-m.main+fp/hard\libc_nano.a(libc_a-lock.o)
                0x200004d5                __lock___sfp_recursive_mutex
 *fill*         0x200004d6        0x2 
 .bss.__malloc_sbrk_start
                0x200004d8        0x4 D:/ST/STM32CubeIDE/STM32CubeIDE/plugins/com.st.stm32cube.ide.mcu.externaltools.gnu-tools-for-stm32.12.3.rel1.win32_1.1.0.202410251130/tools/bin/../lib/gcc/arm-none-eabi/12.3.1/../../../../arm-none-eabi/lib/thumb/v8-m.main+fp/hard\libc_nano.a(libc_a-mallocr.o)
                0x200004d8                __malloc_sbrk_start
 .bss.__malloc_free_list
                0x200004dc        0x4 D:/ST/STM32CubeIDE/STM32CubeIDE/plugins/com.st.stm32cube.ide.mcu.externaltools.gnu-tools-for-stm32.12.3.rel1.win32_1.1.0.202410251130/tools/bin/../lib/gcc/arm-none-eabi/12.3.1/../../../../arm-none-eabi/lib/thumb/v8-m.main+fp/hard\libc_nano.a(libc_a-mallocr.o)
                0x200004dc                __malloc_free_list
 *(COMMON)
                0x200004e0                        _ebss = .
                0x200004e0                        __bss_end__ = _ebss

._user_heap_stack
                0x200004e0      0x600 load address 0x08008874
                0x200004e0                        . = ALIGN (0x8)
                [!provide]                        PROVIDE (end = .)
                0x200004e0                        PROVIDE (_end = .)
                0x200006e0                        . = (. + _Min_Heap_Size)
 *fill*         0x200004e0      0x200 
                0x20000ae0                        . = (. + _Min_Stack_Size)
 *fill*         0x200006e0      0x400 
                0x20000ae0                        . = ALIGN (0x8)

/DISCARD/
 libc.a(*)
 libm.a(*)
 libgcc.a(*)

.ARM.attributes
                0x00000000       0x36
 *(.ARM.attributes)
 .ARM.attributes
                0x00000000       0x26 D:/ST/STM32CubeIDE/STM32CubeIDE/plugins/com.st.stm32cube.ide.mcu.externaltools.gnu-tools-for-stm32.12.3.rel1.win32_1.1.0.202410251130/tools/bin/../lib/gcc/arm-none-eabi/12.3.1/thumb/v8-m.main+fp/hard/crti.o
 .ARM.attributes
                0x00000026       0x38 D:/ST/STM32CubeIDE/STM32CubeIDE/plugins/com.st.stm32cube.ide.mcu.externaltools.gnu-tools-for-stm32.12.3.rel1.win32_1.1.0.202410251130/tools/bin/../lib/gcc/arm-none-eabi/12.3.1/thumb/v8-m.main+fp/hard/crtbegin.o
 .ARM.attributes
                0x0000005e       0x3a ./Core/Src/cm_backtrace/cm_backtrace.o
 .ARM.attributes
                0x00000098       0x26 ./Core/Src/cm_backtrace/fault_handler/gcc/cmb_fault.o
 .ARM.attributes
                0x000000be       0x3a ./Core/Src/main.o
 .ARM.attributes
                0x000000f8       0x3a ./Core/Src/stm32u5xx_hal_msp.o
 .ARM.attributes
                0x00000132       0x3a ./Core/Src/stm32u5xx_hal_timebase_tim.o
 .ARM.attributes
                0x0000016c       0x3a ./Core/Src/stm32u5xx_it.o
 .ARM.attributes
                0x000001a6       0x3a ./Core/Src/syscalls.o
 .ARM.attributes
                0x000001e0       0x3a ./Core/Src/sysmem.o
 .ARM.attributes
                0x0000021a       0x3a ./Core/Src/system_stm32u5xx.o
 .ARM.attributes
                0x00000254       0x24 ./Core/Startup/startup_stm32u575zitxq.o
 .ARM.attributes
                0x00000278       0x3a ./Drivers/BSP/STM32U5xx_Nucleo/stm32u5xx_nucleo.o
 .ARM.attributes
                0x000002b2       0x3a ./Drivers/STM32U5xx_HAL_Driver/Src/stm32u5xx_hal.o
 .ARM.attributes
                0x000002ec       0x3a ./Drivers/STM32U5xx_HAL_Driver/Src/stm32u5xx_hal_cortex.o
 .ARM.attributes
                0x00000326       0x3a ./Drivers/STM32U5xx_HAL_Driver/Src/stm32u5xx_hal_exti.o
 .ARM.attributes
                0x00000360       0x3a ./Drivers/STM32U5xx_HAL_Driver/Src/stm32u5xx_hal_gpio.o
 .ARM.attributes
                0x0000039a       0x3a ./Drivers/STM32U5xx_HAL_Driver/Src/stm32u5xx_hal_icache.o
 .ARM.attributes
                0x000003d4       0x3a ./Drivers/STM32U5xx_HAL_Driver/Src/stm32u5xx_hal_pwr_ex.o
 .ARM.attributes
                0x0000040e       0x3a ./Drivers/STM32U5xx_HAL_Driver/Src/stm32u5xx_hal_rcc.o
 .ARM.attributes
                0x00000448       0x3a ./Drivers/STM32U5xx_HAL_Driver/Src/stm32u5xx_hal_rcc_ex.o
 .ARM.attributes
                0x00000482       0x3a ./Drivers/STM32U5xx_HAL_Driver/Src/stm32u5xx_hal_tim.o
 .ARM.attributes
                0x000004bc       0x3a ./Drivers/STM32U5xx_HAL_Driver/Src/stm32u5xx_hal_tim_ex.o
 .ARM.attributes
                0x000004f6       0x3a ./Drivers/STM32U5xx_HAL_Driver/Src/stm32u5xx_hal_uart.o
 .ARM.attributes
                0x00000530       0x38 D:/ST/STM32CubeIDE/STM32CubeIDE/plugins/com.st.stm32cube.ide.mcu.externaltools.gnu-tools-for-stm32.12.3.rel1.win32_1.1.0.202410251130/tools/bin/../lib/gcc/arm-none-eabi/12.3.1/../../../../arm-none-eabi/lib/thumb/v8-m.main+fp/hard\libc_nano.a(libc_a-findfp.o)
 .ARM.attributes
                0x00000568       0x38 D:/ST/STM32CubeIDE/STM32CubeIDE/plugins/com.st.stm32cube.ide.mcu.externaltools.gnu-tools-for-stm32.12.3.rel1.win32_1.1.0.202410251130/tools/bin/../lib/gcc/arm-none-eabi/12.3.1/../../../../arm-none-eabi/lib/thumb/v8-m.main+fp/hard\libc_nano.a(libc_a-fwalk.o)
 .ARM.attributes
                0x000005a0       0x38 D:/ST/STM32CubeIDE/STM32CubeIDE/plugins/com.st.stm32cube.ide.mcu.externaltools.gnu-tools-for-stm32.12.3.rel1.win32_1.1.0.202410251130/tools/bin/../lib/gcc/arm-none-eabi/12.3.1/../../../../arm-none-eabi/lib/thumb/v8-m.main+fp/hard\libc_nano.a(libc_a-printf.o)
 .ARM.attributes
                0x000005d8       0x38 D:/ST/STM32CubeIDE/STM32CubeIDE/plugins/com.st.stm32cube.ide.mcu.externaltools.gnu-tools-for-stm32.12.3.rel1.win32_1.1.0.202410251130/tools/bin/../lib/gcc/arm-none-eabi/12.3.1/../../../../arm-none-eabi/lib/thumb/v8-m.main+fp/hard\libc_nano.a(libc_a-puts.o)
 .ARM.attributes
                0x00000610       0x38 D:/ST/STM32CubeIDE/STM32CubeIDE/plugins/com.st.stm32cube.ide.mcu.externaltools.gnu-tools-for-stm32.12.3.rel1.win32_1.1.0.202410251130/tools/bin/../lib/gcc/arm-none-eabi/12.3.1/../../../../arm-none-eabi/lib/thumb/v8-m.main+fp/hard\libc_nano.a(libc_a-sprintf.o)
 .ARM.attributes
                0x00000648       0x38 D:/ST/STM32CubeIDE/STM32CubeIDE/plugins/com.st.stm32cube.ide.mcu.externaltools.gnu-tools-for-stm32.12.3.rel1.win32_1.1.0.202410251130/tools/bin/../lib/gcc/arm-none-eabi/12.3.1/../../../../arm-none-eabi/lib/thumb/v8-m.main+fp/hard\libc_nano.a(libc_a-stdio.o)
 .ARM.attributes
                0x00000680       0x38 D:/ST/STM32CubeIDE/STM32CubeIDE/plugins/com.st.stm32cube.ide.mcu.externaltools.gnu-tools-for-stm32.12.3.rel1.win32_1.1.0.202410251130/tools/bin/../lib/gcc/arm-none-eabi/12.3.1/../../../../arm-none-eabi/lib/thumb/v8-m.main+fp/hard\libc_nano.a(libc_a-wbuf.o)
 .ARM.attributes
                0x000006b8       0x38 D:/ST/STM32CubeIDE/STM32CubeIDE/plugins/com.st.stm32cube.ide.mcu.externaltools.gnu-tools-for-stm32.12.3.rel1.win32_1.1.0.202410251130/tools/bin/../lib/gcc/arm-none-eabi/12.3.1/../../../../arm-none-eabi/lib/thumb/v8-m.main+fp/hard\libc_nano.a(libc_a-wsetup.o)
 .ARM.attributes
                0x000006f0       0x38 D:/ST/STM32CubeIDE/STM32CubeIDE/plugins/com.st.stm32cube.ide.mcu.externaltools.gnu-tools-for-stm32.12.3.rel1.win32_1.1.0.202410251130/tools/bin/../lib/gcc/arm-none-eabi/12.3.1/../../../../arm-none-eabi/lib/thumb/v8-m.main+fp/hard\libc_nano.a(libc_a-memset.o)
 .ARM.attributes
                0x00000728       0x38 D:/ST/STM32CubeIDE/STM32CubeIDE/plugins/com.st.stm32cube.ide.mcu.externaltools.gnu-tools-for-stm32.12.3.rel1.win32_1.1.0.202410251130/tools/bin/../lib/gcc/arm-none-eabi/12.3.1/../../../../arm-none-eabi/lib/thumb/v8-m.main+fp/hard\libc_nano.a(libc_a-strncpy.o)
 .ARM.attributes
                0x00000760       0x38 D:/ST/STM32CubeIDE/STM32CubeIDE/plugins/com.st.stm32cube.ide.mcu.externaltools.gnu-tools-for-stm32.12.3.rel1.win32_1.1.0.202410251130/tools/bin/../lib/gcc/arm-none-eabi/12.3.1/../../../../arm-none-eabi/lib/thumb/v8-m.main+fp/hard\libc_nano.a(libc_a-closer.o)
 .ARM.attributes
                0x00000798       0x38 D:/ST/STM32CubeIDE/STM32CubeIDE/plugins/com.st.stm32cube.ide.mcu.externaltools.gnu-tools-for-stm32.12.3.rel1.win32_1.1.0.202410251130/tools/bin/../lib/gcc/arm-none-eabi/12.3.1/../../../../arm-none-eabi/lib/thumb/v8-m.main+fp/hard\libc_nano.a(libc_a-reent.o)
 .ARM.attributes
                0x000007d0       0x38 D:/ST/STM32CubeIDE/STM32CubeIDE/plugins/com.st.stm32cube.ide.mcu.externaltools.gnu-tools-for-stm32.12.3.rel1.win32_1.1.0.202410251130/tools/bin/../lib/gcc/arm-none-eabi/12.3.1/../../../../arm-none-eabi/lib/thumb/v8-m.main+fp/hard\libc_nano.a(libc_a-impure.o)
 .ARM.attributes
                0x00000808       0x38 D:/ST/STM32CubeIDE/STM32CubeIDE/plugins/com.st.stm32cube.ide.mcu.externaltools.gnu-tools-for-stm32.12.3.rel1.win32_1.1.0.202410251130/tools/bin/../lib/gcc/arm-none-eabi/12.3.1/../../../../arm-none-eabi/lib/thumb/v8-m.main+fp/hard\libc_nano.a(libc_a-lseekr.o)
 .ARM.attributes
                0x00000840       0x38 D:/ST/STM32CubeIDE/STM32CubeIDE/plugins/com.st.stm32cube.ide.mcu.externaltools.gnu-tools-for-stm32.12.3.rel1.win32_1.1.0.202410251130/tools/bin/../lib/gcc/arm-none-eabi/12.3.1/../../../../arm-none-eabi/lib/thumb/v8-m.main+fp/hard\libc_nano.a(libc_a-readr.o)
 .ARM.attributes
                0x00000878       0x38 D:/ST/STM32CubeIDE/STM32CubeIDE/plugins/com.st.stm32cube.ide.mcu.externaltools.gnu-tools-for-stm32.12.3.rel1.win32_1.1.0.202410251130/tools/bin/../lib/gcc/arm-none-eabi/12.3.1/../../../../arm-none-eabi/lib/thumb/v8-m.main+fp/hard\libc_nano.a(libc_a-writer.o)
 .ARM.attributes
                0x000008b0       0x38 D:/ST/STM32CubeIDE/STM32CubeIDE/plugins/com.st.stm32cube.ide.mcu.externaltools.gnu-tools-for-stm32.12.3.rel1.win32_1.1.0.202410251130/tools/bin/../lib/gcc/arm-none-eabi/12.3.1/../../../../arm-none-eabi/lib/thumb/v8-m.main+fp/hard\libc_nano.a(libc_a-errno.o)
 .ARM.attributes
                0x000008e8       0x38 D:/ST/STM32CubeIDE/STM32CubeIDE/plugins/com.st.stm32cube.ide.mcu.externaltools.gnu-tools-for-stm32.12.3.rel1.win32_1.1.0.202410251130/tools/bin/../lib/gcc/arm-none-eabi/12.3.1/../../../../arm-none-eabi/lib/thumb/v8-m.main+fp/hard\libc_nano.a(libc_a-init.o)
 .ARM.attributes
                0x00000920       0x38 D:/ST/STM32CubeIDE/STM32CubeIDE/plugins/com.st.stm32cube.ide.mcu.externaltools.gnu-tools-for-stm32.12.3.rel1.win32_1.1.0.202410251130/tools/bin/../lib/gcc/arm-none-eabi/12.3.1/../../../../arm-none-eabi/lib/thumb/v8-m.main+fp/hard\libc_nano.a(libc_a-lock.o)
 .ARM.attributes
                0x00000958       0x38 D:/ST/STM32CubeIDE/STM32CubeIDE/plugins/com.st.stm32cube.ide.mcu.externaltools.gnu-tools-for-stm32.12.3.rel1.win32_1.1.0.202410251130/tools/bin/../lib/gcc/arm-none-eabi/12.3.1/../../../../arm-none-eabi/lib/thumb/v8-m.main+fp/hard\libc_nano.a(libc_a-freer.o)
 .ARM.attributes
                0x00000990       0x38 D:/ST/STM32CubeIDE/STM32CubeIDE/plugins/com.st.stm32cube.ide.mcu.externaltools.gnu-tools-for-stm32.12.3.rel1.win32_1.1.0.202410251130/tools/bin/../lib/gcc/arm-none-eabi/12.3.1/../../../../arm-none-eabi/lib/thumb/v8-m.main+fp/hard\libc_nano.a(libc_a-mallocr.o)
 .ARM.attributes
                0x000009c8       0x38 D:/ST/STM32CubeIDE/STM32CubeIDE/plugins/com.st.stm32cube.ide.mcu.externaltools.gnu-tools-for-stm32.12.3.rel1.win32_1.1.0.202410251130/tools/bin/../lib/gcc/arm-none-eabi/12.3.1/../../../../arm-none-eabi/lib/thumb/v8-m.main+fp/hard\libc_nano.a(libc_a-mlock.o)
 .ARM.attributes
                0x00000a00       0x38 D:/ST/STM32CubeIDE/STM32CubeIDE/plugins/com.st.stm32cube.ide.mcu.externaltools.gnu-tools-for-stm32.12.3.rel1.win32_1.1.0.202410251130/tools/bin/../lib/gcc/arm-none-eabi/12.3.1/../../../../arm-none-eabi/lib/thumb/v8-m.main+fp/hard\libc_nano.a(libc_a-nano-svfprintf.o)
 .ARM.attributes
                0x00000a38       0x38 D:/ST/STM32CubeIDE/STM32CubeIDE/plugins/com.st.stm32cube.ide.mcu.externaltools.gnu-tools-for-stm32.12.3.rel1.win32_1.1.0.202410251130/tools/bin/../lib/gcc/arm-none-eabi/12.3.1/../../../../arm-none-eabi/lib/thumb/v8-m.main+fp/hard\libc_nano.a(libc_a-nano-vfprintf.o)
 .ARM.attributes
                0x00000a70       0x38 D:/ST/STM32CubeIDE/STM32CubeIDE/plugins/com.st.stm32cube.ide.mcu.externaltools.gnu-tools-for-stm32.12.3.rel1.win32_1.1.0.202410251130/tools/bin/../lib/gcc/arm-none-eabi/12.3.1/../../../../arm-none-eabi/lib/thumb/v8-m.main+fp/hard\libc_nano.a(libc_a-nano-vfprintf_i.o)
 .ARM.attributes
                0x00000aa8       0x38 D:/ST/STM32CubeIDE/STM32CubeIDE/plugins/com.st.stm32cube.ide.mcu.externaltools.gnu-tools-for-stm32.12.3.rel1.win32_1.1.0.202410251130/tools/bin/../lib/gcc/arm-none-eabi/12.3.1/../../../../arm-none-eabi/lib/thumb/v8-m.main+fp/hard\libc_nano.a(libc_a-fflush.o)
 .ARM.attributes
                0x00000ae0       0x38 D:/ST/STM32CubeIDE/STM32CubeIDE/plugins/com.st.stm32cube.ide.mcu.externaltools.gnu-tools-for-stm32.12.3.rel1.win32_1.1.0.202410251130/tools/bin/../lib/gcc/arm-none-eabi/12.3.1/../../../../arm-none-eabi/lib/thumb/v8-m.main+fp/hard\libc_nano.a(libc_a-makebuf.o)
 .ARM.attributes
                0x00000b18       0x38 D:/ST/STM32CubeIDE/STM32CubeIDE/plugins/com.st.stm32cube.ide.mcu.externaltools.gnu-tools-for-stm32.12.3.rel1.win32_1.1.0.202410251130/tools/bin/../lib/gcc/arm-none-eabi/12.3.1/../../../../arm-none-eabi/lib/thumb/v8-m.main+fp/hard\libc_nano.a(libc_a-memmove.o)
 .ARM.attributes
                0x00000b50       0x38 D:/ST/STM32CubeIDE/STM32CubeIDE/plugins/com.st.stm32cube.ide.mcu.externaltools.gnu-tools-for-stm32.12.3.rel1.win32_1.1.0.202410251130/tools/bin/../lib/gcc/arm-none-eabi/12.3.1/../../../../arm-none-eabi/lib/thumb/v8-m.main+fp/hard\libc_nano.a(libc_a-fstatr.o)
 .ARM.attributes
                0x00000b88       0x38 D:/ST/STM32CubeIDE/STM32CubeIDE/plugins/com.st.stm32cube.ide.mcu.externaltools.gnu-tools-for-stm32.12.3.rel1.win32_1.1.0.202410251130/tools/bin/../lib/gcc/arm-none-eabi/12.3.1/../../../../arm-none-eabi/lib/thumb/v8-m.main+fp/hard\libc_nano.a(libc_a-isattyr.o)
 .ARM.attributes
                0x00000bc0       0x38 D:/ST/STM32CubeIDE/STM32CubeIDE/plugins/com.st.stm32cube.ide.mcu.externaltools.gnu-tools-for-stm32.12.3.rel1.win32_1.1.0.202410251130/tools/bin/../lib/gcc/arm-none-eabi/12.3.1/../../../../arm-none-eabi/lib/thumb/v8-m.main+fp/hard\libc_nano.a(libc_a-sbrkr.o)
 .ARM.attributes
                0x00000bf8       0x38 D:/ST/STM32CubeIDE/STM32CubeIDE/plugins/com.st.stm32cube.ide.mcu.externaltools.gnu-tools-for-stm32.12.3.rel1.win32_1.1.0.202410251130/tools/bin/../lib/gcc/arm-none-eabi/12.3.1/../../../../arm-none-eabi/lib/thumb/v8-m.main+fp/hard\libc_nano.a(libc_a-memchr-stub.o)
 .ARM.attributes
                0x00000c30       0x38 D:/ST/STM32CubeIDE/STM32CubeIDE/plugins/com.st.stm32cube.ide.mcu.externaltools.gnu-tools-for-stm32.12.3.rel1.win32_1.1.0.202410251130/tools/bin/../lib/gcc/arm-none-eabi/12.3.1/../../../../arm-none-eabi/lib/thumb/v8-m.main+fp/hard\libc_nano.a(libc_a-memcpy-stub.o)
 .ARM.attributes
                0x00000c68       0x38 D:/ST/STM32CubeIDE/STM32CubeIDE/plugins/com.st.stm32cube.ide.mcu.externaltools.gnu-tools-for-stm32.12.3.rel1.win32_1.1.0.202410251130/tools/bin/../lib/gcc/arm-none-eabi/12.3.1/../../../../arm-none-eabi/lib/thumb/v8-m.main+fp/hard\libc_nano.a(libc_a-reallocr.o)
 .ARM.attributes
                0x00000ca0       0x38 D:/ST/STM32CubeIDE/STM32CubeIDE/plugins/com.st.stm32cube.ide.mcu.externaltools.gnu-tools-for-stm32.12.3.rel1.win32_1.1.0.202410251130/tools/bin/../lib/gcc/arm-none-eabi/12.3.1/../../../../arm-none-eabi/lib/thumb/v8-m.main+fp/hard\libc_nano.a(libc_a-msizer.o)
 .ARM.attributes
                0x00000cd8       0x26 D:/ST/STM32CubeIDE/STM32CubeIDE/plugins/com.st.stm32cube.ide.mcu.externaltools.gnu-tools-for-stm32.12.3.rel1.win32_1.1.0.202410251130/tools/bin/../lib/gcc/arm-none-eabi/12.3.1/thumb/v8-m.main+fp/hard\libgcc.a(_aeabi_uldivmod.o)
 .ARM.attributes
                0x00000cfe       0x38 D:/ST/STM32CubeIDE/STM32CubeIDE/plugins/com.st.stm32cube.ide.mcu.externaltools.gnu-tools-for-stm32.12.3.rel1.win32_1.1.0.202410251130/tools/bin/../lib/gcc/arm-none-eabi/12.3.1/thumb/v8-m.main+fp/hard\libgcc.a(_udivmoddi4.o)
 .ARM.attributes
                0x00000d36       0x26 D:/ST/STM32CubeIDE/STM32CubeIDE/plugins/com.st.stm32cube.ide.mcu.externaltools.gnu-tools-for-stm32.12.3.rel1.win32_1.1.0.202410251130/tools/bin/../lib/gcc/arm-none-eabi/12.3.1/thumb/v8-m.main+fp/hard\libgcc.a(_dvmd_tls.o)
 .ARM.attributes
                0x00000d5c       0x26 D:/ST/STM32CubeIDE/STM32CubeIDE/plugins/com.st.stm32cube.ide.mcu.externaltools.gnu-tools-for-stm32.12.3.rel1.win32_1.1.0.202410251130/tools/bin/../lib/gcc/arm-none-eabi/12.3.1/thumb/v8-m.main+fp/hard/crtn.o
OUTPUT(nucleo_u575_backtrace.elf elf32-littlearm)
LOAD linker stubs
LOAD D:/ST/STM32CubeIDE/STM32CubeIDE/plugins/com.st.stm32cube.ide.mcu.externaltools.gnu-tools-for-stm32.12.3.rel1.win32_1.1.0.202410251130/tools/bin/../lib/gcc/arm-none-eabi/12.3.1/../../../../arm-none-eabi/lib/thumb/v8-m.main+fp/hard\libc.a
LOAD D:/ST/STM32CubeIDE/STM32CubeIDE/plugins/com.st.stm32cube.ide.mcu.externaltools.gnu-tools-for-stm32.12.3.rel1.win32_1.1.0.202410251130/tools/bin/../lib/gcc/arm-none-eabi/12.3.1/../../../../arm-none-eabi/lib/thumb/v8-m.main+fp/hard\libm.a
LOAD D:/ST/STM32CubeIDE/STM32CubeIDE/plugins/com.st.stm32cube.ide.mcu.externaltools.gnu-tools-for-stm32.12.3.rel1.win32_1.1.0.202410251130/tools/bin/../lib/gcc/arm-none-eabi/12.3.1/thumb/v8-m.main+fp/hard\libgcc.a

.debug_info     0x00000000    0x180ac
 .debug_info    0x00000000      0xd8f ./Core/Src/cm_backtrace/cm_backtrace.o
 .debug_info    0x00000d8f       0x23 ./Core/Src/cm_backtrace/fault_handler/gcc/cmb_fault.o
 .debug_info    0x00000db2     0x148e ./Core/Src/main.o
 .debug_info    0x00002240      0x49c ./Core/Src/stm32u5xx_hal_msp.o
 .debug_info    0x000026dc     0x11d9 ./Core/Src/stm32u5xx_hal_timebase_tim.o
 .debug_info    0x000038b5      0xa1b ./Core/Src/stm32u5xx_it.o
 .debug_info    0x000042d0      0x6dc ./Core/Src/syscalls.o
 .debug_info    0x000049ac      0x16d ./Core/Src/sysmem.o
 .debug_info    0x00004b19      0x937 ./Core/Src/system_stm32u5xx.o
 .debug_info    0x00005450       0x2f ./Core/Startup/startup_stm32u575zitxq.o
 .debug_info    0x0000547f     0x1c96 ./Drivers/BSP/STM32U5xx_Nucleo/stm32u5xx_nucleo.o
 .debug_info    0x00007115     0x1236 ./Drivers/STM32U5xx_HAL_Driver/Src/stm32u5xx_hal.o
 .debug_info    0x0000834b     0x1697 ./Drivers/STM32U5xx_HAL_Driver/Src/stm32u5xx_hal_cortex.o
 .debug_info    0x000099e2      0x7ac ./Drivers/STM32U5xx_HAL_Driver/Src/stm32u5xx_hal_exti.o
 .debug_info    0x0000a18e      0x8df ./Drivers/STM32U5xx_HAL_Driver/Src/stm32u5xx_hal_gpio.o
 .debug_info    0x0000aa6d      0x51f ./Drivers/STM32U5xx_HAL_Driver/Src/stm32u5xx_hal_icache.o
 .debug_info    0x0000af8c      0xec8 ./Drivers/STM32U5xx_HAL_Driver/Src/stm32u5xx_hal_pwr_ex.o
 .debug_info    0x0000be54     0x13c9 ./Drivers/STM32U5xx_HAL_Driver/Src/stm32u5xx_hal_rcc.o
 .debug_info    0x0000d21d     0x166c ./Drivers/STM32U5xx_HAL_Driver/Src/stm32u5xx_hal_rcc_ex.o
 .debug_info    0x0000e889     0x30ff ./Drivers/STM32U5xx_HAL_Driver/Src/stm32u5xx_hal_tim.o
 .debug_info    0x00011988     0x2491 ./Drivers/STM32U5xx_HAL_Driver/Src/stm32u5xx_hal_tim_ex.o
 .debug_info    0x00013e19     0x4293 ./Drivers/STM32U5xx_HAL_Driver/Src/stm32u5xx_hal_uart.o

.debug_abbrev   0x00000000     0x2c6b
 .debug_abbrev  0x00000000      0x2b1 ./Core/Src/cm_backtrace/cm_backtrace.o
 .debug_abbrev  0x000002b1       0x14 ./Core/Src/cm_backtrace/fault_handler/gcc/cmb_fault.o
 .debug_abbrev  0x000002c5      0x377 ./Core/Src/main.o
 .debug_abbrev  0x0000063c       0xf3 ./Core/Src/stm32u5xx_hal_msp.o
 .debug_abbrev  0x0000072f      0x214 ./Core/Src/stm32u5xx_hal_timebase_tim.o
 .debug_abbrev  0x00000943      0x19f ./Core/Src/stm32u5xx_it.o
 .debug_abbrev  0x00000ae2      0x1b0 ./Core/Src/syscalls.o
 .debug_abbrev  0x00000c92       0xb8 ./Core/Src/sysmem.o
 .debug_abbrev  0x00000d4a      0x124 ./Core/Src/system_stm32u5xx.o
 .debug_abbrev  0x00000e6e       0x24 ./Core/Startup/startup_stm32u575zitxq.o
 .debug_abbrev  0x00000e92      0x32c ./Drivers/BSP/STM32U5xx_Nucleo/stm32u5xx_nucleo.o
 .debug_abbrev  0x000011be      0x293 ./Drivers/STM32U5xx_HAL_Driver/Src/stm32u5xx_hal.o
 .debug_abbrev  0x00001451      0x302 ./Drivers/STM32U5xx_HAL_Driver/Src/stm32u5xx_hal_cortex.o
 .debug_abbrev  0x00001753      0x18a ./Drivers/STM32U5xx_HAL_Driver/Src/stm32u5xx_hal_exti.o
 .debug_abbrev  0x000018dd      0x243 ./Drivers/STM32U5xx_HAL_Driver/Src/stm32u5xx_hal_gpio.o
 .debug_abbrev  0x00001b20      0x21b ./Drivers/STM32U5xx_HAL_Driver/Src/stm32u5xx_hal_icache.o
 .debug_abbrev  0x00001d3b      0x20a ./Drivers/STM32U5xx_HAL_Driver/Src/stm32u5xx_hal_pwr_ex.o
 .debug_abbrev  0x00001f45      0x2b6 ./Drivers/STM32U5xx_HAL_Driver/Src/stm32u5xx_hal_rcc.o
 .debug_abbrev  0x000021fb      0x228 ./Drivers/STM32U5xx_HAL_Driver/Src/stm32u5xx_hal_rcc_ex.o
 .debug_abbrev  0x00002423      0x2a3 ./Drivers/STM32U5xx_HAL_Driver/Src/stm32u5xx_hal_tim.o
 .debug_abbrev  0x000026c6      0x2b8 ./Drivers/STM32U5xx_HAL_Driver/Src/stm32u5xx_hal_tim_ex.o
 .debug_abbrev  0x0000297e      0x2ed ./Drivers/STM32U5xx_HAL_Driver/Src/stm32u5xx_hal_uart.o

.debug_aranges  0x00000000     0x1448
 .debug_aranges
                0x00000000       0x70 ./Core/Src/cm_backtrace/cm_backtrace.o
 .debug_aranges
                0x00000070       0x20 ./Core/Src/cm_backtrace/fault_handler/gcc/cmb_fault.o
 .debug_aranges
                0x00000090       0x78 ./Core/Src/main.o
 .debug_aranges
                0x00000108       0x20 ./Core/Src/stm32u5xx_hal_msp.o
 .debug_aranges
                0x00000128       0x30 ./Core/Src/stm32u5xx_hal_timebase_tim.o
 .debug_aranges
                0x00000158       0x70 ./Core/Src/stm32u5xx_it.o
 .debug_aranges
                0x000001c8       0xa8 ./Core/Src/syscalls.o
 .debug_aranges
                0x00000270       0x20 ./Core/Src/sysmem.o
 .debug_aranges
                0x00000290       0x28 ./Core/Src/system_stm32u5xx.o
 .debug_aranges
                0x000002b8       0x28 ./Core/Startup/startup_stm32u575zitxq.o
 .debug_aranges
                0x000002e0       0xc8 ./Drivers/BSP/STM32U5xx_Nucleo/stm32u5xx_nucleo.o
 .debug_aranges
                0x000003a8      0x148 ./Drivers/STM32U5xx_HAL_Driver/Src/stm32u5xx_hal.o
 .debug_aranges
                0x000004f0      0x140 ./Drivers/STM32U5xx_HAL_Driver/Src/stm32u5xx_hal_cortex.o
 .debug_aranges
                0x00000630       0x70 ./Drivers/STM32U5xx_HAL_Driver/Src/stm32u5xx_hal_exti.o
 .debug_aranges
                0x000006a0       0x78 ./Drivers/STM32U5xx_HAL_Driver/Src/stm32u5xx_hal_gpio.o
 .debug_aranges
                0x00000718       0xa8 ./Drivers/STM32U5xx_HAL_Driver/Src/stm32u5xx_hal_icache.o
 .debug_aranges
                0x000007c0      0x200 ./Drivers/STM32U5xx_HAL_Driver/Src/stm32u5xx_hal_pwr_ex.o
 .debug_aranges
                0x000009c0       0xa8 ./Drivers/STM32U5xx_HAL_Driver/Src/stm32u5xx_hal_rcc.o
 .debug_aranges
                0x00000a68      0x160 ./Drivers/STM32U5xx_HAL_Driver/Src/stm32u5xx_hal_rcc_ex.o
 .debug_aranges
                0x00000bc8      0x3e8 ./Drivers/STM32U5xx_HAL_Driver/Src/stm32u5xx_hal_tim.o
 .debug_aranges
                0x00000fb0      0x250 ./Drivers/STM32U5xx_HAL_Driver/Src/stm32u5xx_hal_tim_ex.o
 .debug_aranges
                0x00001200      0x248 ./Drivers/STM32U5xx_HAL_Driver/Src/stm32u5xx_hal_uart.o

.debug_ranges   0x00000000     0x1310
 .debug_ranges  0x00000000       0x60 ./Core/Src/cm_backtrace/cm_backtrace.o
 .debug_ranges  0x00000060       0x68 ./Core/Src/main.o
 .debug_ranges  0x000000c8       0x10 ./Core/Src/stm32u5xx_hal_msp.o
 .debug_ranges  0x000000d8       0x20 ./Core/Src/stm32u5xx_hal_timebase_tim.o
 .debug_ranges  0x000000f8       0x60 ./Core/Src/stm32u5xx_it.o
 .debug_ranges  0x00000158       0x98 ./Core/Src/syscalls.o
 .debug_ranges  0x000001f0       0x10 ./Core/Src/sysmem.o
 .debug_ranges  0x00000200       0x18 ./Core/Src/system_stm32u5xx.o
 .debug_ranges  0x00000218       0x20 ./Core/Startup/startup_stm32u575zitxq.o
 .debug_ranges  0x00000238       0xb8 ./Drivers/BSP/STM32U5xx_Nucleo/stm32u5xx_nucleo.o
 .debug_ranges  0x000002f0      0x138 ./Drivers/STM32U5xx_HAL_Driver/Src/stm32u5xx_hal.o
 .debug_ranges  0x00000428      0x130 ./Drivers/STM32U5xx_HAL_Driver/Src/stm32u5xx_hal_cortex.o
 .debug_ranges  0x00000558       0x60 ./Drivers/STM32U5xx_HAL_Driver/Src/stm32u5xx_hal_exti.o
 .debug_ranges  0x000005b8       0x68 ./Drivers/STM32U5xx_HAL_Driver/Src/stm32u5xx_hal_gpio.o
 .debug_ranges  0x00000620       0x98 ./Drivers/STM32U5xx_HAL_Driver/Src/stm32u5xx_hal_icache.o
 .debug_ranges  0x000006b8      0x1f0 ./Drivers/STM32U5xx_HAL_Driver/Src/stm32u5xx_hal_pwr_ex.o
 .debug_ranges  0x000008a8       0x98 ./Drivers/STM32U5xx_HAL_Driver/Src/stm32u5xx_hal_rcc.o
 .debug_ranges  0x00000940      0x150 ./Drivers/STM32U5xx_HAL_Driver/Src/stm32u5xx_hal_rcc_ex.o
 .debug_ranges  0x00000a90      0x3d8 ./Drivers/STM32U5xx_HAL_Driver/Src/stm32u5xx_hal_tim.o
 .debug_ranges  0x00000e68      0x240 ./Drivers/STM32U5xx_HAL_Driver/Src/stm32u5xx_hal_tim_ex.o
 .debug_ranges  0x000010a8      0x268 ./Drivers/STM32U5xx_HAL_Driver/Src/stm32u5xx_hal_uart.o

.debug_line     0x00000000    0x1258f
 .debug_line    0x00000000      0x959 ./Core/Src/cm_backtrace/cm_backtrace.o
 .debug_line    0x00000959       0x6a ./Core/Src/cm_backtrace/fault_handler/gcc/cmb_fault.o
 .debug_line    0x000009c3      0x6b1 ./Core/Src/main.o
 .debug_line    0x00001074      0x2a5 ./Core/Src/stm32u5xx_hal_msp.o
 .debug_line    0x00001319      0x3a3 ./Core/Src/stm32u5xx_hal_timebase_tim.o
 .debug_line    0x000016bc      0x3fc ./Core/Src/stm32u5xx_it.o
 .debug_line    0x00001ab8      0x476 ./Core/Src/syscalls.o
 .debug_line    0x00001f2e      0x314 ./Core/Src/sysmem.o
 .debug_line    0x00002242      0x48d ./Core/Src/system_stm32u5xx.o
 .debug_line    0x000026cf       0x89 ./Core/Startup/startup_stm32u575zitxq.o
 .debug_line    0x00002758      0x745 ./Drivers/BSP/STM32U5xx_Nucleo/stm32u5xx_nucleo.o
 .debug_line    0x00002e9d      0x7ad ./Drivers/STM32U5xx_HAL_Driver/Src/stm32u5xx_hal.o
 .debug_line    0x0000364a      0x957 ./Drivers/STM32U5xx_HAL_Driver/Src/stm32u5xx_hal_cortex.o
 .debug_line    0x00003fa1      0x70c ./Drivers/STM32U5xx_HAL_Driver/Src/stm32u5xx_hal_exti.o
 .debug_line    0x000046ad      0x897 ./Drivers/STM32U5xx_HAL_Driver/Src/stm32u5xx_hal_gpio.o
 .debug_line    0x00004f44      0x5bf ./Drivers/STM32U5xx_HAL_Driver/Src/stm32u5xx_hal_icache.o
 .debug_line    0x00005503      0xc95 ./Drivers/STM32U5xx_HAL_Driver/Src/stm32u5xx_hal_pwr_ex.o
 .debug_line    0x00006198     0x1135 ./Drivers/STM32U5xx_HAL_Driver/Src/stm32u5xx_hal_rcc.o
 .debug_line    0x000072cd     0x1ebf ./Drivers/STM32U5xx_HAL_Driver/Src/stm32u5xx_hal_rcc_ex.o
 .debug_line    0x0000918c     0x4091 ./Drivers/STM32U5xx_HAL_Driver/Src/stm32u5xx_hal_tim.o
 .debug_line    0x0000d21d     0x1e64 ./Drivers/STM32U5xx_HAL_Driver/Src/stm32u5xx_hal_tim_ex.o
 .debug_line    0x0000f081     0x350e ./Drivers/STM32U5xx_HAL_Driver/Src/stm32u5xx_hal_uart.o

.debug_str      0x00000000     0x73b8
 .debug_str     0x00000000      0x8ea ./Core/Src/cm_backtrace/cm_backtrace.o